#
# There is insufficient memory for the Java Runtime Environment to continue.
# Native memory allocation (malloc) failed to allocate 1814416 bytes. Error detail: Chunk::new
# Possible reasons:
#   The system is out of physical RAM or swap space
#   This process is running with CompressedOops enabled, and the Java Heap may be blocking the growth of the native heap
# Possible solutions:
#   Reduce memory load on the system
#   Increase physical memory or swap space
#   Check if swap backing store is full
#   Decrease Java heap size (-Xmx/-Xms)
#   Decrease number of Java threads
#   Decrease Java thread stack sizes (-Xss)
#   Set larger code cache with -XX:ReservedCodeCacheSize=
#   JVM is running with Unscaled Compressed Oops mode in which the Java heap is
#     placed in the first 4GB address space. The Java Heap base address is the
#     maximum limit for the native heap growth. Please use -XX:HeapBaseMinAddress
#     to set the Java Heap base and to place the Java Heap above 4GB virtual address.
# This output file may be truncated or incomplete.
#
#  Out of Memory Error (arena.cpp:168), pid=9336, tid=30512
#
# JRE version: OpenJDK Runtime Environment Temurin-21.0.11+10 (21.0.11+10) (build 21.0.11+10-LTS)
# Java VM: OpenJDK 64-Bit Server VM Temurin-21.0.11+10 (21.0.11+10-LTS, mixed mode, sharing, tiered, compressed oops, compressed class ptrs, g1 gc, windows-amd64)
# No core dump will be written. Minidumps are not enabled by default on client versions of Windows
#

---------------  S U M M A R Y ------------

Command Line: --add-opens=java.base/java.util=ALL-UNNAMED --add-opens=java.base/java.lang=ALL-UNNAMED --add-opens=java.base/java.lang.invoke=ALL-UNNAMED --add-opens=java.prefs/java.util.prefs=ALL-UNNAMED --add-exports=jdk.compiler/com.sun.tools.javac.api=ALL-UNNAMED --add-exports=jdk.compiler/com.sun.tools.javac.util=ALL-UNNAMED --add-opens=java.base/java.nio.charset=ALL-UNNAMED --add-opens=java.base/java.net=ALL-UNNAMED --add-opens=java.base/java.util.concurrent.atomic=ALL-UNNAMED -XX:MaxMetaspaceSize=384m -XX:+HeapDumpOnOutOfMemoryError -Xms256m -Xmx512m -Dfile.encoding=utf8 -Duser.country=IN -Duser.language=en -Duser.variant -javaagent:C:\Users\sarki\.gradle\wrapper\dists\gradle-8.9-bin\90cnw93cvbtalezasaz0blq0a\gradle-8.9\lib\agents\gradle-instrumentation-agent-8.9.jar org.gradle.launcher.daemon.bootstrap.GradleDaemon 8.9

Host: 11th Gen Intel(R) Core(TM) i5-11300H @ 3.10GHz, 8 cores, 15G,  Windows 11 , 64 bit Build 26100 (10.0.26100.8875)
Time: Sat Jul 18 19:36:43 2026 India Standard Time elapsed time: 331.505783 seconds (0d 0h 5m 31s)

---------------  T H R E A D  ---------------

Current thread (0x00000164ff830080):  JavaThread "C2 CompilerThread0" daemon [_thread_in_native, id=30512, stack(0x000000150ce00000,0x000000150cf00000) (1024K)]


Current CompileTask:
C2:331505 12503       4       sun.reflect.generics.parser.SignatureParser::parsePackageNameAndSimpleClassTypeSignature (119 bytes)

Stack: [0x000000150ce00000,0x000000150cf00000]
Native frames: (J=compiled Java code, j=interpreted, Vv=VM code, C=native code)
V  [jvm.dll+0x6d7e19]
V  [jvm.dll+0x8b5096]
V  [jvm.dll+0x8b764e]
V  [jvm.dll+0x8b7d33]
V  [jvm.dll+0x284596]
V  [jvm.dll+0xc685d]
V  [jvm.dll+0xc6da1]
V  [jvm.dll+0x3bed31]
V  [jvm.dll+0x38b2b2]
V  [jvm.dll+0x38a6fa]
V  [jvm.dll+0x24c700]
V  [jvm.dll+0x24bce0]
V  [jvm.dll+0x1cb4ae]
V  [jvm.dll+0x25baad]
V  [jvm.dll+0x25a03a]
V  [jvm.dll+0x3f868e]
V  [jvm.dll+0x85fb0d]
V  [jvm.dll+0x6d664d]
C  [ucrtbase.dll+0x2cd30]
C  [KERNEL32.DLL+0x2e957]
C  [ntdll.dll+0xaad6c]


---------------  P R O C E S S  ---------------

Threads class SMR info:
_java_thread_list=0x0000016499291aa0, length=36, elements={
0x00000164e9e7d480, 0x00000164ff8241a0, 0x00000164ff825920, 0x00000164ff8290b0,
0x00000164ff829b10, 0x00000164ff82c580, 0x00000164ff82cfe0, 0x00000164ff830080,
0x00000164ff835320, 0x00000164ffa1e270, 0x00000164ffa4b6f0, 0x00000164990d7d40,
0x00000164ffa0b9c0, 0x0000016499bd2df0, 0x0000016499d046c0, 0x0000016499d03310,
0x0000016499d04d50, 0x000001649c4d3900, 0x000001649c4d2be0, 0x000001649c4d4620,
0x000001649c4d7aa0, 0x000001649c4d87c0, 0x000001649c4d3f90, 0x000001649c4d1830,
0x0000016499d053e0, 0x0000016499d039a0, 0x0000016499d06100, 0x0000016499d02c80,
0x000001649c4d1ec0, 0x000001649c4d59d0, 0x000001649c4d4cb0, 0x000001649c4d66f0,
0x000001649c4d3270, 0x000001649c4d6d80, 0x000001649c4d8130, 0x000001649c4d8e50
}

Java Threads: ( => current thread )
  0x00000164e9e7d480 JavaThread "main"                              [_thread_blocked, id=30000, stack(0x000000150c000000,0x000000150c100000) (1024K)]
  0x00000164ff8241a0 JavaThread "Reference Handler"          daemon [_thread_blocked, id=21016, stack(0x000000150c800000,0x000000150c900000) (1024K)]
  0x00000164ff825920 JavaThread "Finalizer"                  daemon [_thread_blocked, id=19192, stack(0x000000150c900000,0x000000150ca00000) (1024K)]
  0x00000164ff8290b0 JavaThread "Signal Dispatcher"          daemon [_thread_blocked, id=20512, stack(0x000000150ca00000,0x000000150cb00000) (1024K)]
  0x00000164ff829b10 JavaThread "Attach Listener"            daemon [_thread_blocked, id=7452, stack(0x000000150cb00000,0x000000150cc00000) (1024K)]
  0x00000164ff82c580 JavaThread "Service Thread"             daemon [_thread_blocked, id=13088, stack(0x000000150cc00000,0x000000150cd00000) (1024K)]
  0x00000164ff82cfe0 JavaThread "Monitor Deflation Thread"   daemon [_thread_blocked, id=30760, stack(0x000000150cd00000,0x000000150ce00000) (1024K)]
=>0x00000164ff830080 JavaThread "C2 CompilerThread0"         daemon [_thread_in_native, id=30512, stack(0x000000150ce00000,0x000000150cf00000) (1024K)]
  0x00000164ff835320 JavaThread "C1 CompilerThread0"         daemon [_thread_blocked, id=27780, stack(0x000000150cf00000,0x000000150d000000) (1024K)]
  0x00000164ffa1e270 JavaThread "Common-Cleaner"             daemon [_thread_blocked, id=25924, stack(0x000000150d000000,0x000000150d100000) (1024K)]
  0x00000164ffa4b6f0 JavaThread "Notification Thread"        daemon [_thread_blocked, id=22580, stack(0x000000150d100000,0x000000150d200000) (1024K)]
  0x00000164990d7d40 JavaThread "Daemon health stats"               [_thread_blocked, id=23220, stack(0x000000150d700000,0x000000150d800000) (1024K)]
  0x00000164ffa0b9c0 JavaThread "Incoming local TCP Connector on port 55770"        [_thread_in_native, id=21860, stack(0x000000150d800000,0x000000150d900000) (1024K)]
  0x0000016499bd2df0 JavaThread "Daemon periodic checks"            [_thread_blocked, id=26660, stack(0x000000150d900000,0x000000150da00000) (1024K)]
  0x0000016499d046c0 JavaThread "Cache worker for journal cache (C:\Users\sarki\.gradle\caches\journal-1)"        [_thread_blocked, id=10232, stack(0x000000150e100000,0x000000150e200000) (1024K)]
  0x0000016499d03310 JavaThread "File lock request listener"        [_thread_in_native, id=12620, stack(0x000000150e200000,0x000000150e300000) (1024K)]
  0x0000016499d04d50 JavaThread "Cache worker for file hash cache (C:\Users\sarki\.gradle\caches\8.9\fileHashes)"        [_thread_blocked, id=30220, stack(0x000000150e400000,0x000000150e500000) (1024K)]
  0x000001649c4d3900 JavaThread "File watcher server"        daemon [_thread_in_native, id=10888, stack(0x000000150be00000,0x000000150bf00000) (1024K)]
  0x000001649c4d2be0 JavaThread "File watcher consumer"      daemon [_thread_blocked, id=30124, stack(0x000000150ea00000,0x000000150eb00000) (1024K)]
  0x000001649c4d4620 JavaThread "Cache worker for file content cache (C:\Users\sarki\.gradle\caches\8.9\fileContent)"        [_thread_blocked, id=17556, stack(0x000000150ec00000,0x000000150ed00000) (1024K)]
  0x000001649c4d7aa0 JavaThread "jar transforms"                    [_thread_blocked, id=31360, stack(0x000000150f000000,0x000000150f100000) (1024K)]
  0x000001649c4d87c0 JavaThread "jar transforms Thread 2"           [_thread_blocked, id=27244, stack(0x000000150ef00000,0x000000150f000000) (1024K)]
  0x000001649c4d3f90 JavaThread "Daemon Thread 2"                   [_thread_blocked, id=23032, stack(0x000000150bd00000,0x000000150be00000) (1024K)]
  0x000001649c4d1830 JavaThread "Daemon worker Thread 2"            [_thread_in_vm, id=12068, stack(0x000000150db00000,0x000000150dc00000) (1024K)]
  0x0000016499d053e0 JavaThread "jar transforms Thread 3"           [_thread_blocked, id=25032, stack(0x000000150eb00000,0x000000150ec00000) (1024K)]
  0x0000016499d039a0 JavaThread "jar transforms Thread 4"           [_thread_blocked, id=17712, stack(0x000000150ed00000,0x000000150ee00000) (1024K)]
  0x0000016499d06100 JavaThread "Handler for socket connection from /127.0.0.1:55770 to /127.0.0.1:50061"        [_thread_in_native, id=25452, stack(0x000000150bf00000,0x000000150c000000) (1024K)]
  0x0000016499d02c80 JavaThread "Cancel handler"                    [_thread_blocked, id=14840, stack(0x000000150da00000,0x000000150db00000) (1024K)]
  0x000001649c4d1ec0 JavaThread "Asynchronous log dispatcher for DefaultDaemonConnection: socket connection from /127.0.0.1:55770 to /127.0.0.1:50061"        [_thread_blocked, id=23624, stack(0x000000150dd00000,0x000000150de00000) (1024K)]
  0x000001649c4d59d0 JavaThread "Stdin handler"                     [_thread_blocked, id=28360, stack(0x000000150de00000,0x000000150df00000) (1024K)]
  0x000001649c4d4cb0 JavaThread "Daemon client event forwarder"        [_thread_blocked, id=25956, stack(0x000000150df00000,0x000000150e000000) (1024K)]
  0x000001649c4d66f0 JavaThread "Cache worker for file hash cache (D:\Personal\ExpenseFlow\node_modules\expo-modules-autolinking\android\expo-gradle-plugin\.gradle\8.9\fileHashes)"        [_thread_blocked, id=24124, stack(0x000000150e000000,0x000000150e100000) (1024K)]
  0x000001649c4d3270 JavaThread "Cache worker for Build Output Cleanup Cache (D:\Personal\ExpenseFlow\node_modules\expo-modules-autolinking\android\expo-gradle-plugin\.gradle\buildOutputCleanup)"        [_thread_blocked, id=26420, stack(0x000000150e300000,0x000000150e400000) (1024K)]
  0x000001649c4d6d80 JavaThread "Cache worker for checksums cache (D:\Personal\ExpenseFlow\node_modules\expo-modules-autolinking\android\expo-gradle-plugin\.gradle\8.9\checksums)"        [_thread_blocked, id=7412, stack(0x000000150e800000,0x000000150e900000) (1024K)]
  0x000001649c4d8130 JavaThread "Cache worker for cache directory md-rule (C:\Users\sarki\.gradle\caches\8.9\md-rule)"        [_thread_blocked, id=29536, stack(0x000000150e900000,0x000000150ea00000) (1024K)]
  0x000001649c4d8e50 JavaThread "Cache worker for cache directory md-supplier (C:\Users\sarki\.gradle\caches\8.9\md-supplier)"        [_thread_blocked, id=21644, stack(0x000000150ee00000,0x000000150ef00000) (1024K)]
Total: 36

Other Threads:
  0x00000164ff803bb0 VMThread "VM Thread"                           [id=28800, stack(0x000000150c700000,0x000000150c800000) (1024K)]
  0x00000164ff7f4f70 WatcherThread "VM Periodic Task Thread"        [id=16084, stack(0x000000150c600000,0x000000150c700000) (1024K)]
  0x00000164e9ea7910 WorkerThread "GC Thread#0"                     [id=11612, stack(0x000000150c100000,0x000000150c200000) (1024K)]
  0x000001649915d6c0 WorkerThread "GC Thread#1"                     [id=31180, stack(0x000000150d200000,0x000000150d300000) (1024K)]
  0x0000016499776850 WorkerThread "GC Thread#2"                     [id=29624, stack(0x000000150d300000,0x000000150d400000) (1024K)]
  0x00000164995a60e0 WorkerThread "GC Thread#3"                     [id=19332, stack(0x000000150d400000,0x000000150d500000) (1024K)]
  0x00000164ffbf6f90 WorkerThread "GC Thread#4"                     [id=30100, stack(0x000000150d500000,0x000000150d600000) (1024K)]
  0x0000016499471710 WorkerThread "GC Thread#5"                     [id=28060, stack(0x000000150d600000,0x000000150d700000) (1024K)]
  0x000001649a7281e0 WorkerThread "GC Thread#6"                     [id=15796, stack(0x000000150e500000,0x000000150e600000) (1024K)]
  0x000001649a726f70 WorkerThread "GC Thread#7"                     [id=11960, stack(0x000000150e600000,0x000000150e700000) (1024K)]
  0x00000164e9ead820 ConcurrentGCThread "G1 Main Marker"            [id=27540, stack(0x000000150c200000,0x000000150c300000) (1024K)]
  0x00000164e9eae240 WorkerThread "G1 Conc#0"                       [id=30300, stack(0x000000150c300000,0x000000150c400000) (1024K)]
  0x000001649a727320 WorkerThread "G1 Conc#1"                       [id=26244, stack(0x000000150e700000,0x000000150e800000) (1024K)]
  0x00000164ff6c11c0 ConcurrentGCThread "G1 Refine#0"               [id=11704, stack(0x000000150c400000,0x000000150c500000) (1024K)]
  0x00000164ff6c3a00 ConcurrentGCThread "G1 Service"                [id=21704, stack(0x000000150c500000,0x000000150c600000) (1024K)]
Total: 15

Threads with active compile tasks:
C2 CompilerThread0  331534 12503       4       sun.reflect.generics.parser.SignatureParser::parsePackageNameAndSimpleClassTypeSignature (119 bytes)
Total: 1

VM state: not at safepoint (normal execution)

VM Mutex/Monitor currently owned by a thread: None

Heap address: 0x00000000e0000000, size: 512 MB, Compressed Oops mode: 32-bit

CDS archive(s) mapped at: [0x0000016480000000-0x0000016480ba0000-0x0000016480ba0000), size 12189696, SharedBaseAddress: 0x0000016480000000, ArchiveRelocationMode: 1.
Compressed class space mapped at: 0x0000016481000000-0x0000016495000000, reserved size: 335544320
Narrow klass base: 0x0000016480000000, Narrow klass shift: 0, Narrow klass range: 0x100000000

GC Precious Log:
 CardTable entry size: 512
 Card Set container configuration: InlinePtr #cards 5 size 8 Array Of Cards #cards 12 size 40 Howl #buckets 4 coarsen threshold 1843 Howl Bitmap #cards 512 size 80 coarsen threshold 460 Card regions per heap region 1 cards per card region 2048
 CPUs: 8 total, 8 available
 Memory: 16167M
 Large Page Support: Disabled
 NUMA Support: Disabled
 Compressed Oops: Enabled (32-bit)
 Heap Region Size: 1M
 Heap Min Capacity: 256M
 Heap Initial Capacity: 256M
 Heap Max Capacity: 512M
 Pre-touch: Disabled
 Parallel Workers: 8
 Concurrent Workers: 2
 Concurrent Refinement Workers: 8
 Periodic GC: Disabled

Heap:
 garbage-first heap   total 262144K, used 187120K [0x00000000e0000000, 0x0000000100000000)
  region size 1024K, 108 young (110592K), 17 survivors (17408K)
 Metaspace       used 113770K, committed 115840K, reserved 458752K
  class space    used 14875K, committed 15872K, reserved 327680K

Heap Regions: E=young(eden), S=young(survivor), O=old, HS=humongous(starts), HC=humongous(continues), CS=collection set, F=free, TAMS=top-at-mark-start, PB=parsable bottom
|   0|0x00000000e0000000, 0x00000000e0100000, 0x00000000e0100000|100%|HS|  |TAMS 0x00000000e0000000| PB 0x00000000e0000000| Complete 
|   1|0x00000000e0100000, 0x00000000e0200000, 0x00000000e0200000|100%|HC|  |TAMS 0x00000000e0100000| PB 0x00000000e0100000| Complete 
|   2|0x00000000e0200000, 0x00000000e0300000, 0x00000000e0300000|100%|HC|  |TAMS 0x00000000e0200000| PB 0x00000000e0200000| Complete 
|   3|0x00000000e0300000, 0x00000000e0400000, 0x00000000e0400000|100%|HC|  |TAMS 0x00000000e0300000| PB 0x00000000e0300000| Complete 
|   4|0x00000000e0400000, 0x00000000e0500000, 0x00000000e0500000|100%| O|  |TAMS 0x00000000e0400000| PB 0x00000000e0400000| Untracked 
|   5|0x00000000e0500000, 0x00000000e0600000, 0x00000000e0600000|100%| O|  |TAMS 0x00000000e0500000| PB 0x00000000e0500000| Untracked 
|   6|0x00000000e0600000, 0x00000000e0700000, 0x00000000e0700000|100%| O|  |TAMS 0x00000000e0600000| PB 0x00000000e0600000| Untracked 
|   7|0x00000000e0700000, 0x00000000e0800000, 0x00000000e0800000|100%| O|  |TAMS 0x00000000e0700000| PB 0x00000000e0700000| Untracked 
|   8|0x00000000e0800000, 0x00000000e0900000, 0x00000000e0900000|100%| O|  |TAMS 0x00000000e0800000| PB 0x00000000e0800000| Untracked 
|   9|0x00000000e0900000, 0x00000000e0a00000, 0x00000000e0a00000|100%| O|  |TAMS 0x00000000e0900000| PB 0x00000000e0900000| Untracked 
|  10|0x00000000e0a00000, 0x00000000e0b00000, 0x00000000e0b00000|100%| O|  |TAMS 0x00000000e0a00000| PB 0x00000000e0a00000| Untracked 
|  11|0x00000000e0b00000, 0x00000000e0c00000, 0x00000000e0c00000|100%|HS|  |TAMS 0x00000000e0b00000| PB 0x00000000e0b00000| Complete 
|  12|0x00000000e0c00000, 0x00000000e0d00000, 0x00000000e0d00000|100%| O|  |TAMS 0x00000000e0c00000| PB 0x00000000e0c00000| Untracked 
|  13|0x00000000e0d00000, 0x00000000e0e00000, 0x00000000e0e00000|100%| O|  |TAMS 0x00000000e0d00000| PB 0x00000000e0d00000| Untracked 
|  14|0x00000000e0e00000, 0x00000000e0f00000, 0x00000000e0f00000|100%| O|  |TAMS 0x00000000e0e00000| PB 0x00000000e0e00000| Untracked 
|  15|0x00000000e0f00000, 0x00000000e1000000, 0x00000000e1000000|100%| O|  |TAMS 0x00000000e0f00000| PB 0x00000000e0f00000| Untracked 
|  16|0x00000000e1000000, 0x00000000e1100000, 0x00000000e1100000|100%| O|  |TAMS 0x00000000e1000000| PB 0x00000000e1000000| Untracked 
|  17|0x00000000e1100000, 0x00000000e1200000, 0x00000000e1200000|100%| O|  |TAMS 0x00000000e1100000| PB 0x00000000e1100000| Untracked 
|  18|0x00000000e1200000, 0x00000000e1300000, 0x00000000e1300000|100%| O|  |TAMS 0x00000000e1200000| PB 0x00000000e1200000| Untracked 
|  19|0x00000000e1300000, 0x00000000e1400000, 0x00000000e1400000|100%| O|  |TAMS 0x00000000e1300000| PB 0x00000000e1300000| Untracked 
|  20|0x00000000e1400000, 0x00000000e1500000, 0x00000000e1500000|100%| O|  |TAMS 0x00000000e1400000| PB 0x00000000e1400000| Untracked 
|  21|0x00000000e1500000, 0x00000000e1600000, 0x00000000e1600000|100%| O|  |TAMS 0x00000000e1500000| PB 0x00000000e1500000| Untracked 
|  22|0x00000000e1600000, 0x00000000e1700000, 0x00000000e1700000|100%| O|  |TAMS 0x00000000e1600000| PB 0x00000000e1600000| Untracked 
|  23|0x00000000e1700000, 0x00000000e1800000, 0x00000000e1800000|100%| O|  |TAMS 0x00000000e1700000| PB 0x00000000e1700000| Untracked 
|  24|0x00000000e1800000, 0x00000000e1900000, 0x00000000e1900000|100%| O|  |TAMS 0x00000000e1800000| PB 0x00000000e1800000| Untracked 
|  25|0x00000000e1900000, 0x00000000e1a00000, 0x00000000e1a00000|100%| O|  |TAMS 0x00000000e1900000| PB 0x00000000e1900000| Untracked 
|  26|0x00000000e1a00000, 0x00000000e1b00000, 0x00000000e1b00000|100%| O|  |TAMS 0x00000000e1a00000| PB 0x00000000e1a00000| Untracked 
|  27|0x00000000e1b00000, 0x00000000e1c00000, 0x00000000e1c00000|100%| O|  |TAMS 0x00000000e1b00000| PB 0x00000000e1b00000| Untracked 
|  28|0x00000000e1c00000, 0x00000000e1d00000, 0x00000000e1d00000|100%| O|  |TAMS 0x00000000e1c00000| PB 0x00000000e1c00000| Untracked 
|  29|0x00000000e1d00000, 0x00000000e1e00000, 0x00000000e1e00000|100%| O|  |TAMS 0x00000000e1d00000| PB 0x00000000e1d00000| Untracked 
|  30|0x00000000e1e00000, 0x00000000e1f00000, 0x00000000e1f00000|100%| O|  |TAMS 0x00000000e1e00000| PB 0x00000000e1e00000| Untracked 
|  31|0x00000000e1f00000, 0x00000000e2000000, 0x00000000e2000000|100%| O|  |TAMS 0x00000000e1f00000| PB 0x00000000e1f00000| Untracked 
|  32|0x00000000e2000000, 0x00000000e2100000, 0x00000000e2100000|100%| O|  |TAMS 0x00000000e2000000| PB 0x00000000e2000000| Untracked 
|  33|0x00000000e2100000, 0x00000000e2200000, 0x00000000e2200000|100%| O|  |TAMS 0x00000000e2100000| PB 0x00000000e2100000| Untracked 
|  34|0x00000000e2200000, 0x00000000e2300000, 0x00000000e2300000|100%| O|  |TAMS 0x00000000e2200000| PB 0x00000000e2200000| Untracked 
|  35|0x00000000e2300000, 0x00000000e2400000, 0x00000000e2400000|100%| O|  |TAMS 0x00000000e2300000| PB 0x00000000e2300000| Untracked 
|  36|0x00000000e2400000, 0x00000000e2500000, 0x00000000e2500000|100%| O|  |TAMS 0x00000000e2400000| PB 0x00000000e2400000| Untracked 
|  37|0x00000000e2500000, 0x00000000e2600000, 0x00000000e2600000|100%| O|  |TAMS 0x00000000e2500000| PB 0x00000000e2500000| Untracked 
|  38|0x00000000e2600000, 0x00000000e2700000, 0x00000000e2700000|100%| O|  |TAMS 0x00000000e2600000| PB 0x00000000e2600000| Untracked 
|  39|0x00000000e2700000, 0x00000000e2800000, 0x00000000e2800000|100%| O|  |TAMS 0x00000000e2700000| PB 0x00000000e2700000| Untracked 
|  40|0x00000000e2800000, 0x00000000e2900000, 0x00000000e2900000|100%| O|  |TAMS 0x00000000e2800000| PB 0x00000000e2800000| Untracked 
|  41|0x00000000e2900000, 0x00000000e2a00000, 0x00000000e2a00000|100%| O|  |TAMS 0x00000000e2900000| PB 0x00000000e2900000| Untracked 
|  42|0x00000000e2a00000, 0x00000000e2b00000, 0x00000000e2b00000|100%| O|  |TAMS 0x00000000e2a00000| PB 0x00000000e2a00000| Untracked 
|  43|0x00000000e2b00000, 0x00000000e2c00000, 0x00000000e2c00000|100%| O|  |TAMS 0x00000000e2b00000| PB 0x00000000e2b00000| Untracked 
|  44|0x00000000e2c00000, 0x00000000e2d00000, 0x00000000e2d00000|100%| O|  |TAMS 0x00000000e2c00000| PB 0x00000000e2c00000| Untracked 
|  45|0x00000000e2d00000, 0x00000000e2e00000, 0x00000000e2e00000|100%| O|  |TAMS 0x00000000e2d00000| PB 0x00000000e2d00000| Untracked 
|  46|0x00000000e2e00000, 0x00000000e2f00000, 0x00000000e2f00000|100%| O|  |TAMS 0x00000000e2e00000| PB 0x00000000e2e00000| Untracked 
|  47|0x00000000e2f00000, 0x00000000e3000000, 0x00000000e3000000|100%| O|Cm|TAMS 0x00000000e2f00000| PB 0x00000000e2f00000| Complete 
|  48|0x00000000e3000000, 0x00000000e3000000, 0x00000000e3100000|  0%| F|  |TAMS 0x00000000e3000000| PB 0x00000000e3000000| Untracked 
|  49|0x00000000e3100000, 0x00000000e3100000, 0x00000000e3200000|  0%| F|  |TAMS 0x00000000e3100000| PB 0x00000000e3100000| Untracked 
|  50|0x00000000e3200000, 0x00000000e3200000, 0x00000000e3300000|  0%| F|  |TAMS 0x00000000e3200000| PB 0x00000000e3200000| Untracked 
|  51|0x00000000e3300000, 0x00000000e3300000, 0x00000000e3400000|  0%| F|  |TAMS 0x00000000e3300000| PB 0x00000000e3300000| Untracked 
|  52|0x00000000e3400000, 0x00000000e3400000, 0x00000000e3500000|  0%| F|  |TAMS 0x00000000e3400000| PB 0x00000000e3400000| Untracked 
|  53|0x00000000e3500000, 0x00000000e3500000, 0x00000000e3600000|  0%| F|  |TAMS 0x00000000e3500000| PB 0x00000000e3500000| Untracked 
|  54|0x00000000e3600000, 0x00000000e3600000, 0x00000000e3700000|  0%| F|  |TAMS 0x00000000e3600000| PB 0x00000000e3600000| Untracked 
|  55|0x00000000e3700000, 0x00000000e3700000, 0x00000000e3800000|  0%| F|  |TAMS 0x00000000e3700000| PB 0x00000000e3700000| Untracked 
|  56|0x00000000e3800000, 0x00000000e3800000, 0x00000000e3900000|  0%| F|  |TAMS 0x00000000e3800000| PB 0x00000000e3800000| Untracked 
|  57|0x00000000e3900000, 0x00000000e3a00000, 0x00000000e3a00000|100%|HS|  |TAMS 0x00000000e3900000| PB 0x00000000e3900000| Complete 
|  58|0x00000000e3a00000, 0x00000000e3a00000, 0x00000000e3b00000|  0%| F|  |TAMS 0x00000000e3a00000| PB 0x00000000e3a00000| Untracked 
|  59|0x00000000e3b00000, 0x00000000e3c00000, 0x00000000e3c00000|100%| O|  |TAMS 0x00000000e3b00000| PB 0x00000000e3b00000| Untracked 
|  60|0x00000000e3c00000, 0x00000000e3d00000, 0x00000000e3d00000|100%| O|  |TAMS 0x00000000e3c00000| PB 0x00000000e3c00000| Untracked 
|  61|0x00000000e3d00000, 0x00000000e3d00000, 0x00000000e3e00000|  0%| F|  |TAMS 0x00000000e3d00000| PB 0x00000000e3d00000| Untracked 
|  62|0x00000000e3e00000, 0x00000000e3f00000, 0x00000000e3f00000|100%| O|Cm|TAMS 0x00000000e3e00000| PB 0x00000000e3e00000| Complete 
|  63|0x00000000e3f00000, 0x00000000e4000000, 0x00000000e4000000|100%| O|  |TAMS 0x00000000e3f00000| PB 0x00000000e3f00000| Untracked 
|  64|0x00000000e4000000, 0x00000000e4100000, 0x00000000e4100000|100%| O|  |TAMS 0x00000000e4000000| PB 0x00000000e4000000| Untracked 
|  65|0x00000000e4100000, 0x00000000e4200000, 0x00000000e4200000|100%| O|  |TAMS 0x00000000e4100000| PB 0x00000000e4100000| Untracked 
|  66|0x00000000e4200000, 0x00000000e4300000, 0x00000000e4300000|100%| O|  |TAMS 0x00000000e4200000| PB 0x00000000e4200000| Untracked 
|  67|0x00000000e4300000, 0x00000000e4400000, 0x00000000e4400000|100%| O|  |TAMS 0x00000000e4300000| PB 0x00000000e4300000| Untracked 
|  68|0x00000000e4400000, 0x00000000e4500000, 0x00000000e4500000|100%| O|  |TAMS 0x00000000e4400000| PB 0x00000000e4400000| Untracked 
|  69|0x00000000e4500000, 0x00000000e4600000, 0x00000000e4600000|100%| O|Cm|TAMS 0x00000000e4500000| PB 0x00000000e4500000| Complete 
|  70|0x00000000e4600000, 0x00000000e4700000, 0x00000000e4700000|100%| O|  |TAMS 0x00000000e4600000| PB 0x00000000e4600000| Untracked 
|  71|0x00000000e4700000, 0x00000000e4800000, 0x00000000e4800000|100%| O|  |TAMS 0x00000000e4700000| PB 0x00000000e4700000| Untracked 
|  72|0x00000000e4800000, 0x00000000e4900000, 0x00000000e4900000|100%| O|  |TAMS 0x00000000e4800000| PB 0x00000000e4800000| Untracked 
|  73|0x00000000e4900000, 0x00000000e4a00000, 0x00000000e4a00000|100%| O|  |TAMS 0x00000000e4900000| PB 0x00000000e4900000| Untracked 
|  74|0x00000000e4a00000, 0x00000000e4b00000, 0x00000000e4b00000|100%| O|  |TAMS 0x00000000e4a00000| PB 0x00000000e4a00000| Untracked 
|  75|0x00000000e4b00000, 0x00000000e4c00000, 0x00000000e4c00000|100%| O|  |TAMS 0x00000000e4b00000| PB 0x00000000e4b00000| Untracked 
|  76|0x00000000e4c00000, 0x00000000e4d00000, 0x00000000e4d00000|100%| O|  |TAMS 0x00000000e4c00000| PB 0x00000000e4c00000| Untracked 
|  77|0x00000000e4d00000, 0x00000000e4e00000, 0x00000000e4e00000|100%| O|  |TAMS 0x00000000e4d00000| PB 0x00000000e4d00000| Untracked 
|  78|0x00000000e4e00000, 0x00000000e4f00000, 0x00000000e4f00000|100%| O|  |TAMS 0x00000000e4e00000| PB 0x00000000e4e00000| Untracked 
|  79|0x00000000e4f00000, 0x00000000e5000000, 0x00000000e5000000|100%|HS|  |TAMS 0x00000000e4f00000| PB 0x00000000e4f00000| Complete 
|  80|0x00000000e5000000, 0x00000000e5100000, 0x00000000e5100000|100%|HC|  |TAMS 0x00000000e5000000| PB 0x00000000e5000000| Complete 
|  81|0x00000000e5100000, 0x00000000e5200000, 0x00000000e5200000|100%|HC|  |TAMS 0x00000000e5100000| PB 0x00000000e5100000| Complete 
|  82|0x00000000e5200000, 0x00000000e5300000, 0x00000000e5300000|100%|HC|  |TAMS 0x00000000e5200000| PB 0x00000000e5200000| Complete 
|  83|0x00000000e5300000, 0x00000000e5400000, 0x00000000e5400000|100%|HC|  |TAMS 0x00000000e5300000| PB 0x00000000e5300000| Complete 
|  84|0x00000000e5400000, 0x00000000e5500000, 0x00000000e5500000|100%|HC|  |TAMS 0x00000000e5400000| PB 0x00000000e5400000| Complete 
|  85|0x00000000e5500000, 0x00000000e5600000, 0x00000000e5600000|100%| O|  |TAMS 0x00000000e5500000| PB 0x00000000e5500000| Untracked 
|  86|0x00000000e5600000, 0x00000000e56d6900, 0x00000000e5700000| 83%| O|  |TAMS 0x00000000e5600000| PB 0x00000000e5600000| Untracked 
|  87|0x00000000e5700000, 0x00000000e5700000, 0x00000000e5800000|  0%| F|  |TAMS 0x00000000e5700000| PB 0x00000000e5700000| Untracked 
|  88|0x00000000e5800000, 0x00000000e5800000, 0x00000000e5900000|  0%| F|  |TAMS 0x00000000e5800000| PB 0x00000000e5800000| Untracked 
|  89|0x00000000e5900000, 0x00000000e5900000, 0x00000000e5a00000|  0%| F|  |TAMS 0x00000000e5900000| PB 0x00000000e5900000| Untracked 
|  90|0x00000000e5a00000, 0x00000000e5a00000, 0x00000000e5b00000|  0%| F|  |TAMS 0x00000000e5a00000| PB 0x00000000e5a00000| Untracked 
|  91|0x00000000e5b00000, 0x00000000e5b00000, 0x00000000e5c00000|  0%| F|  |TAMS 0x00000000e5b00000| PB 0x00000000e5b00000| Untracked 
|  92|0x00000000e5c00000, 0x00000000e5c00000, 0x00000000e5d00000|  0%| F|  |TAMS 0x00000000e5c00000| PB 0x00000000e5c00000| Untracked 
|  93|0x00000000e5d00000, 0x00000000e5d00000, 0x00000000e5e00000|  0%| F|  |TAMS 0x00000000e5d00000| PB 0x00000000e5d00000| Untracked 
|  94|0x00000000e5e00000, 0x00000000e5e00000, 0x00000000e5f00000|  0%| F|  |TAMS 0x00000000e5e00000| PB 0x00000000e5e00000| Untracked 
|  95|0x00000000e5f00000, 0x00000000e5f00000, 0x00000000e6000000|  0%| F|  |TAMS 0x00000000e5f00000| PB 0x00000000e5f00000| Untracked 
|  96|0x00000000e6000000, 0x00000000e6000000, 0x00000000e6100000|  0%| F|  |TAMS 0x00000000e6000000| PB 0x00000000e6000000| Untracked 
|  97|0x00000000e6100000, 0x00000000e6100000, 0x00000000e6200000|  0%| F|  |TAMS 0x00000000e6100000| PB 0x00000000e6100000| Untracked 
|  98|0x00000000e6200000, 0x00000000e6200000, 0x00000000e6300000|  0%| F|  |TAMS 0x00000000e6200000| PB 0x00000000e6200000| Untracked 
|  99|0x00000000e6300000, 0x00000000e6300000, 0x00000000e6400000|  0%| F|  |TAMS 0x00000000e6300000| PB 0x00000000e6300000| Untracked 
| 100|0x00000000e6400000, 0x00000000e6400000, 0x00000000e6500000|  0%| F|  |TAMS 0x00000000e6400000| PB 0x00000000e6400000| Untracked 
| 101|0x00000000e6500000, 0x00000000e6500000, 0x00000000e6600000|  0%| F|  |TAMS 0x00000000e6500000| PB 0x00000000e6500000| Untracked 
| 102|0x00000000e6600000, 0x00000000e6600000, 0x00000000e6700000|  0%| F|  |TAMS 0x00000000e6600000| PB 0x00000000e6600000| Untracked 
| 103|0x00000000e6700000, 0x00000000e6700000, 0x00000000e6800000|  0%| F|  |TAMS 0x00000000e6700000| PB 0x00000000e6700000| Untracked 
| 104|0x00000000e6800000, 0x00000000e6800000, 0x00000000e6900000|  0%| F|  |TAMS 0x00000000e6800000| PB 0x00000000e6800000| Untracked 
| 105|0x00000000e6900000, 0x00000000e6900000, 0x00000000e6a00000|  0%| F|  |TAMS 0x00000000e6900000| PB 0x00000000e6900000| Untracked 
| 106|0x00000000e6a00000, 0x00000000e6a00000, 0x00000000e6b00000|  0%| F|  |TAMS 0x00000000e6a00000| PB 0x00000000e6a00000| Untracked 
| 107|0x00000000e6b00000, 0x00000000e6b00000, 0x00000000e6c00000|  0%| F|  |TAMS 0x00000000e6b00000| PB 0x00000000e6b00000| Untracked 
| 108|0x00000000e6c00000, 0x00000000e6c00000, 0x00000000e6d00000|  0%| F|  |TAMS 0x00000000e6c00000| PB 0x00000000e6c00000| Untracked 
| 109|0x00000000e6d00000, 0x00000000e6d00000, 0x00000000e6e00000|  0%| F|  |TAMS 0x00000000e6d00000| PB 0x00000000e6d00000| Untracked 
| 110|0x00000000e6e00000, 0x00000000e6e00000, 0x00000000e6f00000|  0%| F|  |TAMS 0x00000000e6e00000| PB 0x00000000e6e00000| Untracked 
| 111|0x00000000e6f00000, 0x00000000e6f00000, 0x00000000e7000000|  0%| F|  |TAMS 0x00000000e6f00000| PB 0x00000000e6f00000| Untracked 
| 112|0x00000000e7000000, 0x00000000e7000000, 0x00000000e7100000|  0%| F|  |TAMS 0x00000000e7000000| PB 0x00000000e7000000| Untracked 
| 113|0x00000000e7100000, 0x00000000e7100000, 0x00000000e7200000|  0%| F|  |TAMS 0x00000000e7100000| PB 0x00000000e7100000| Untracked 
| 114|0x00000000e7200000, 0x00000000e7200000, 0x00000000e7300000|  0%| F|  |TAMS 0x00000000e7200000| PB 0x00000000e7200000| Untracked 
| 115|0x00000000e7300000, 0x00000000e7300000, 0x00000000e7400000|  0%| F|  |TAMS 0x00000000e7300000| PB 0x00000000e7300000| Untracked 
| 116|0x00000000e7400000, 0x00000000e7400000, 0x00000000e7500000|  0%| F|  |TAMS 0x00000000e7400000| PB 0x00000000e7400000| Untracked 
| 117|0x00000000e7500000, 0x00000000e7500000, 0x00000000e7600000|  0%| F|  |TAMS 0x00000000e7500000| PB 0x00000000e7500000| Untracked 
| 118|0x00000000e7600000, 0x00000000e7600000, 0x00000000e7700000|  0%| F|  |TAMS 0x00000000e7600000| PB 0x00000000e7600000| Untracked 
| 119|0x00000000e7700000, 0x00000000e7700000, 0x00000000e7800000|  0%| F|  |TAMS 0x00000000e7700000| PB 0x00000000e7700000| Untracked 
| 120|0x00000000e7800000, 0x00000000e7800000, 0x00000000e7900000|  0%| F|  |TAMS 0x00000000e7800000| PB 0x00000000e7800000| Untracked 
| 121|0x00000000e7900000, 0x00000000e7900000, 0x00000000e7a00000|  0%| F|  |TAMS 0x00000000e7900000| PB 0x00000000e7900000| Untracked 
| 122|0x00000000e7a00000, 0x00000000e7a00000, 0x00000000e7b00000|  0%| F|  |TAMS 0x00000000e7a00000| PB 0x00000000e7a00000| Untracked 
| 123|0x00000000e7b00000, 0x00000000e7b00000, 0x00000000e7c00000|  0%| F|  |TAMS 0x00000000e7b00000| PB 0x00000000e7b00000| Untracked 
| 124|0x00000000e7c00000, 0x00000000e7c00000, 0x00000000e7d00000|  0%| F|  |TAMS 0x00000000e7c00000| PB 0x00000000e7c00000| Untracked 
| 125|0x00000000e7d00000, 0x00000000e7d00000, 0x00000000e7e00000|  0%| F|  |TAMS 0x00000000e7d00000| PB 0x00000000e7d00000| Untracked 
| 126|0x00000000e7e00000, 0x00000000e7e00000, 0x00000000e7f00000|  0%| F|  |TAMS 0x00000000e7e00000| PB 0x00000000e7e00000| Untracked 
| 127|0x00000000e7f00000, 0x00000000e7f00000, 0x00000000e8000000|  0%| F|  |TAMS 0x00000000e7f00000| PB 0x00000000e7f00000| Untracked 
| 128|0x00000000e8000000, 0x00000000e8000000, 0x00000000e8100000|  0%| F|  |TAMS 0x00000000e8000000| PB 0x00000000e8000000| Untracked 
| 129|0x00000000e8100000, 0x00000000e8100000, 0x00000000e8200000|  0%| F|  |TAMS 0x00000000e8100000| PB 0x00000000e8100000| Untracked 
| 130|0x00000000e8200000, 0x00000000e8200000, 0x00000000e8300000|  0%| F|  |TAMS 0x00000000e8200000| PB 0x00000000e8200000| Untracked 
| 131|0x00000000e8300000, 0x00000000e8300000, 0x00000000e8400000|  0%| F|  |TAMS 0x00000000e8300000| PB 0x00000000e8300000| Untracked 
| 132|0x00000000e8400000, 0x00000000e8400000, 0x00000000e8500000|  0%| F|  |TAMS 0x00000000e8400000| PB 0x00000000e8400000| Untracked 
| 133|0x00000000e8500000, 0x00000000e8500000, 0x00000000e8600000|  0%| F|  |TAMS 0x00000000e8500000| PB 0x00000000e8500000| Untracked 
| 134|0x00000000e8600000, 0x00000000e8600000, 0x00000000e8700000|  0%| F|  |TAMS 0x00000000e8600000| PB 0x00000000e8600000| Untracked 
| 135|0x00000000e8700000, 0x00000000e8700000, 0x00000000e8800000|  0%| F|  |TAMS 0x00000000e8700000| PB 0x00000000e8700000| Untracked 
| 136|0x00000000e8800000, 0x00000000e8800000, 0x00000000e8900000|  0%| F|  |TAMS 0x00000000e8800000| PB 0x00000000e8800000| Untracked 
| 137|0x00000000e8900000, 0x00000000e8900000, 0x00000000e8a00000|  0%| F|  |TAMS 0x00000000e8900000| PB 0x00000000e8900000| Untracked 
| 138|0x00000000e8a00000, 0x00000000e8a00000, 0x00000000e8b00000|  0%| F|  |TAMS 0x00000000e8a00000| PB 0x00000000e8a00000| Untracked 
| 139|0x00000000e8b00000, 0x00000000e8b00000, 0x00000000e8c00000|  0%| F|  |TAMS 0x00000000e8b00000| PB 0x00000000e8b00000| Untracked 
| 140|0x00000000e8c00000, 0x00000000e8c00000, 0x00000000e8d00000|  0%| F|  |TAMS 0x00000000e8c00000| PB 0x00000000e8c00000| Untracked 
| 141|0x00000000e8d00000, 0x00000000e8de5a60, 0x00000000e8e00000| 89%| S|CS|TAMS 0x00000000e8d00000| PB 0x00000000e8d00000| Complete 
| 142|0x00000000e8e00000, 0x00000000e8f00000, 0x00000000e8f00000|100%| S|CS|TAMS 0x00000000e8e00000| PB 0x00000000e8e00000| Complete 
| 143|0x00000000e8f00000, 0x00000000e9000000, 0x00000000e9000000|100%| S|CS|TAMS 0x00000000e8f00000| PB 0x00000000e8f00000| Complete 
| 144|0x00000000e9000000, 0x00000000e9100000, 0x00000000e9100000|100%| S|CS|TAMS 0x00000000e9000000| PB 0x00000000e9000000| Complete 
| 145|0x00000000e9100000, 0x00000000e9200000, 0x00000000e9200000|100%| S|CS|TAMS 0x00000000e9100000| PB 0x00000000e9100000| Complete 
| 146|0x00000000e9200000, 0x00000000e9300000, 0x00000000e9300000|100%| S|CS|TAMS 0x00000000e9200000| PB 0x00000000e9200000| Complete 
| 147|0x00000000e9300000, 0x00000000e9400000, 0x00000000e9400000|100%| S|CS|TAMS 0x00000000e9300000| PB 0x00000000e9300000| Complete 
| 148|0x00000000e9400000, 0x00000000e9500000, 0x00000000e9500000|100%| S|CS|TAMS 0x00000000e9400000| PB 0x00000000e9400000| Complete 
| 149|0x00000000e9500000, 0x00000000e9600000, 0x00000000e9600000|100%| S|CS|TAMS 0x00000000e9500000| PB 0x00000000e9500000| Complete 
| 150|0x00000000e9600000, 0x00000000e9700000, 0x00000000e9700000|100%| S|CS|TAMS 0x00000000e9600000| PB 0x00000000e9600000| Complete 
| 151|0x00000000e9700000, 0x00000000e9800000, 0x00000000e9800000|100%| S|CS|TAMS 0x00000000e9700000| PB 0x00000000e9700000| Complete 
| 152|0x00000000e9800000, 0x00000000e9900000, 0x00000000e9900000|100%| S|CS|TAMS 0x00000000e9800000| PB 0x00000000e9800000| Complete 
| 153|0x00000000e9900000, 0x00000000e9a00000, 0x00000000e9a00000|100%| S|CS|TAMS 0x00000000e9900000| PB 0x00000000e9900000| Complete 
| 154|0x00000000e9a00000, 0x00000000e9b00000, 0x00000000e9b00000|100%| S|CS|TAMS 0x00000000e9a00000| PB 0x00000000e9a00000| Complete 
| 155|0x00000000e9b00000, 0x00000000e9c00000, 0x00000000e9c00000|100%| S|CS|TAMS 0x00000000e9b00000| PB 0x00000000e9b00000| Complete 
| 156|0x00000000e9c00000, 0x00000000e9d00000, 0x00000000e9d00000|100%| S|CS|TAMS 0x00000000e9c00000| PB 0x00000000e9c00000| Complete 
| 157|0x00000000e9d00000, 0x00000000e9e00000, 0x00000000e9e00000|100%| S|CS|TAMS 0x00000000e9d00000| PB 0x00000000e9d00000| Complete 
| 158|0x00000000e9e00000, 0x00000000e9e00000, 0x00000000e9f00000|  0%| F|  |TAMS 0x00000000e9e00000| PB 0x00000000e9e00000| Untracked 
| 159|0x00000000e9f00000, 0x00000000e9f00000, 0x00000000ea000000|  0%| F|  |TAMS 0x00000000e9f00000| PB 0x00000000e9f00000| Untracked 
| 160|0x00000000ea000000, 0x00000000ea000000, 0x00000000ea100000|  0%| F|  |TAMS 0x00000000ea000000| PB 0x00000000ea000000| Untracked 
| 161|0x00000000ea100000, 0x00000000ea100000, 0x00000000ea200000|  0%| F|  |TAMS 0x00000000ea100000| PB 0x00000000ea100000| Untracked 
| 162|0x00000000ea200000, 0x00000000ea200000, 0x00000000ea300000|  0%| F|  |TAMS 0x00000000ea200000| PB 0x00000000ea200000| Untracked 
| 163|0x00000000ea300000, 0x00000000ea300000, 0x00000000ea400000|  0%| F|  |TAMS 0x00000000ea300000| PB 0x00000000ea300000| Untracked 
| 164|0x00000000ea400000, 0x00000000ea400000, 0x00000000ea500000|  0%| F|  |TAMS 0x00000000ea400000| PB 0x00000000ea400000| Untracked 
| 165|0x00000000ea500000, 0x00000000ea600000, 0x00000000ea600000|100%| E|  |TAMS 0x00000000ea500000| PB 0x00000000ea500000| Complete 
| 166|0x00000000ea600000, 0x00000000ea700000, 0x00000000ea700000|100%| E|CS|TAMS 0x00000000ea600000| PB 0x00000000ea600000| Complete 
| 167|0x00000000ea700000, 0x00000000ea800000, 0x00000000ea800000|100%| E|CS|TAMS 0x00000000ea700000| PB 0x00000000ea700000| Complete 
| 168|0x00000000ea800000, 0x00000000ea900000, 0x00000000ea900000|100%| E|CS|TAMS 0x00000000ea800000| PB 0x00000000ea800000| Complete 
| 169|0x00000000ea900000, 0x00000000eaa00000, 0x00000000eaa00000|100%| E|CS|TAMS 0x00000000ea900000| PB 0x00000000ea900000| Complete 
| 170|0x00000000eaa00000, 0x00000000eab00000, 0x00000000eab00000|100%| E|CS|TAMS 0x00000000eaa00000| PB 0x00000000eaa00000| Complete 
| 171|0x00000000eab00000, 0x00000000eac00000, 0x00000000eac00000|100%| E|CS|TAMS 0x00000000eab00000| PB 0x00000000eab00000| Complete 
| 172|0x00000000eac00000, 0x00000000ead00000, 0x00000000ead00000|100%| E|CS|TAMS 0x00000000eac00000| PB 0x00000000eac00000| Complete 
| 173|0x00000000ead00000, 0x00000000eae00000, 0x00000000eae00000|100%| E|CS|TAMS 0x00000000ead00000| PB 0x00000000ead00000| Complete 
| 174|0x00000000eae00000, 0x00000000eaf00000, 0x00000000eaf00000|100%| E|CS|TAMS 0x00000000eae00000| PB 0x00000000eae00000| Complete 
| 175|0x00000000eaf00000, 0x00000000eb000000, 0x00000000eb000000|100%| E|CS|TAMS 0x00000000eaf00000| PB 0x00000000eaf00000| Complete 
| 176|0x00000000eb000000, 0x00000000eb100000, 0x00000000eb100000|100%| E|CS|TAMS 0x00000000eb000000| PB 0x00000000eb000000| Complete 
| 177|0x00000000eb100000, 0x00000000eb200000, 0x00000000eb200000|100%| E|CS|TAMS 0x00000000eb100000| PB 0x00000000eb100000| Complete 
| 178|0x00000000eb200000, 0x00000000eb300000, 0x00000000eb300000|100%| E|CS|TAMS 0x00000000eb200000| PB 0x00000000eb200000| Complete 
| 179|0x00000000eb300000, 0x00000000eb400000, 0x00000000eb400000|100%| E|CS|TAMS 0x00000000eb300000| PB 0x00000000eb300000| Complete 
| 180|0x00000000eb400000, 0x00000000eb500000, 0x00000000eb500000|100%| E|CS|TAMS 0x00000000eb400000| PB 0x00000000eb400000| Complete 
| 181|0x00000000eb500000, 0x00000000eb600000, 0x00000000eb600000|100%| E|CS|TAMS 0x00000000eb500000| PB 0x00000000eb500000| Complete 
| 182|0x00000000eb600000, 0x00000000eb700000, 0x00000000eb700000|100%| E|CS|TAMS 0x00000000eb600000| PB 0x00000000eb600000| Complete 
| 183|0x00000000eb700000, 0x00000000eb800000, 0x00000000eb800000|100%| E|CS|TAMS 0x00000000eb700000| PB 0x00000000eb700000| Complete 
| 184|0x00000000eb800000, 0x00000000eb900000, 0x00000000eb900000|100%| E|CS|TAMS 0x00000000eb800000| PB 0x00000000eb800000| Complete 
| 185|0x00000000eb900000, 0x00000000eba00000, 0x00000000eba00000|100%| E|CS|TAMS 0x00000000eb900000| PB 0x00000000eb900000| Complete 
| 186|0x00000000eba00000, 0x00000000ebb00000, 0x00000000ebb00000|100%| E|CS|TAMS 0x00000000eba00000| PB 0x00000000eba00000| Complete 
| 187|0x00000000ebb00000, 0x00000000ebc00000, 0x00000000ebc00000|100%| E|CS|TAMS 0x00000000ebb00000| PB 0x00000000ebb00000| Complete 
| 188|0x00000000ebc00000, 0x00000000ebd00000, 0x00000000ebd00000|100%| E|CS|TAMS 0x00000000ebc00000| PB 0x00000000ebc00000| Complete 
| 189|0x00000000ebd00000, 0x00000000ebe00000, 0x00000000ebe00000|100%| E|CS|TAMS 0x00000000ebd00000| PB 0x00000000ebd00000| Complete 
| 190|0x00000000ebe00000, 0x00000000ebf00000, 0x00000000ebf00000|100%| E|CS|TAMS 0x00000000ebe00000| PB 0x00000000ebe00000| Complete 
| 191|0x00000000ebf00000, 0x00000000ec000000, 0x00000000ec000000|100%| E|CS|TAMS 0x00000000ebf00000| PB 0x00000000ebf00000| Complete 
| 192|0x00000000ec000000, 0x00000000ec100000, 0x00000000ec100000|100%| E|CS|TAMS 0x00000000ec000000| PB 0x00000000ec000000| Complete 
| 193|0x00000000ec100000, 0x00000000ec200000, 0x00000000ec200000|100%| E|CS|TAMS 0x00000000ec100000| PB 0x00000000ec100000| Complete 
| 194|0x00000000ec200000, 0x00000000ec300000, 0x00000000ec300000|100%| E|CS|TAMS 0x00000000ec200000| PB 0x00000000ec200000| Complete 
| 195|0x00000000ec300000, 0x00000000ec400000, 0x00000000ec400000|100%| E|CS|TAMS 0x00000000ec300000| PB 0x00000000ec300000| Complete 
| 196|0x00000000ec400000, 0x00000000ec500000, 0x00000000ec500000|100%| E|CS|TAMS 0x00000000ec400000| PB 0x00000000ec400000| Complete 
| 197|0x00000000ec500000, 0x00000000ec600000, 0x00000000ec600000|100%| E|CS|TAMS 0x00000000ec500000| PB 0x00000000ec500000| Complete 
| 198|0x00000000ec600000, 0x00000000ec700000, 0x00000000ec700000|100%| E|CS|TAMS 0x00000000ec600000| PB 0x00000000ec600000| Complete 
| 199|0x00000000ec700000, 0x00000000ec800000, 0x00000000ec800000|100%| E|CS|TAMS 0x00000000ec700000| PB 0x00000000ec700000| Complete 
| 200|0x00000000ec800000, 0x00000000ec900000, 0x00000000ec900000|100%| E|CS|TAMS 0x00000000ec800000| PB 0x00000000ec800000| Complete 
| 201|0x00000000ec900000, 0x00000000eca00000, 0x00000000eca00000|100%| E|CS|TAMS 0x00000000ec900000| PB 0x00000000ec900000| Complete 
| 202|0x00000000eca00000, 0x00000000ecb00000, 0x00000000ecb00000|100%| E|CS|TAMS 0x00000000eca00000| PB 0x00000000eca00000| Complete 
| 203|0x00000000ecb00000, 0x00000000ecc00000, 0x00000000ecc00000|100%| E|CS|TAMS 0x00000000ecb00000| PB 0x00000000ecb00000| Complete 
| 204|0x00000000ecc00000, 0x00000000ecd00000, 0x00000000ecd00000|100%| E|CS|TAMS 0x00000000ecc00000| PB 0x00000000ecc00000| Complete 
| 205|0x00000000ecd00000, 0x00000000ece00000, 0x00000000ece00000|100%| E|CS|TAMS 0x00000000ecd00000| PB 0x00000000ecd00000| Complete 
| 206|0x00000000ece00000, 0x00000000ecf00000, 0x00000000ecf00000|100%| E|CS|TAMS 0x00000000ece00000| PB 0x00000000ece00000| Complete 
| 207|0x00000000ecf00000, 0x00000000ed000000, 0x00000000ed000000|100%| E|CS|TAMS 0x00000000ecf00000| PB 0x00000000ecf00000| Complete 
| 208|0x00000000ed000000, 0x00000000ed100000, 0x00000000ed100000|100%| E|CS|TAMS 0x00000000ed000000| PB 0x00000000ed000000| Complete 
| 209|0x00000000ed100000, 0x00000000ed200000, 0x00000000ed200000|100%| E|CS|TAMS 0x00000000ed100000| PB 0x00000000ed100000| Complete 
| 210|0x00000000ed200000, 0x00000000ed300000, 0x00000000ed300000|100%| E|CS|TAMS 0x00000000ed200000| PB 0x00000000ed200000| Complete 
| 211|0x00000000ed300000, 0x00000000ed400000, 0x00000000ed400000|100%| E|CS|TAMS 0x00000000ed300000| PB 0x00000000ed300000| Complete 
| 212|0x00000000ed400000, 0x00000000ed500000, 0x00000000ed500000|100%| E|CS|TAMS 0x00000000ed400000| PB 0x00000000ed400000| Complete 
| 213|0x00000000ed500000, 0x00000000ed600000, 0x00000000ed600000|100%| E|CS|TAMS 0x00000000ed500000| PB 0x00000000ed500000| Complete 
| 214|0x00000000ed600000, 0x00000000ed700000, 0x00000000ed700000|100%| E|CS|TAMS 0x00000000ed600000| PB 0x00000000ed600000| Complete 
| 215|0x00000000ed700000, 0x00000000ed800000, 0x00000000ed800000|100%| E|CS|TAMS 0x00000000ed700000| PB 0x00000000ed700000| Complete 
| 216|0x00000000ed800000, 0x00000000ed900000, 0x00000000ed900000|100%| E|CS|TAMS 0x00000000ed800000| PB 0x00000000ed800000| Complete 
| 217|0x00000000ed900000, 0x00000000eda00000, 0x00000000eda00000|100%| E|CS|TAMS 0x00000000ed900000| PB 0x00000000ed900000| Complete 
| 218|0x00000000eda00000, 0x00000000edb00000, 0x00000000edb00000|100%| E|CS|TAMS 0x00000000eda00000| PB 0x00000000eda00000| Complete 
| 219|0x00000000edb00000, 0x00000000edc00000, 0x00000000edc00000|100%| E|CS|TAMS 0x00000000edb00000| PB 0x00000000edb00000| Complete 
| 220|0x00000000edc00000, 0x00000000edd00000, 0x00000000edd00000|100%| E|CS|TAMS 0x00000000edc00000| PB 0x00000000edc00000| Complete 
| 221|0x00000000edd00000, 0x00000000ede00000, 0x00000000ede00000|100%| E|CS|TAMS 0x00000000edd00000| PB 0x00000000edd00000| Complete 
| 222|0x00000000ede00000, 0x00000000edf00000, 0x00000000edf00000|100%| E|CS|TAMS 0x00000000ede00000| PB 0x00000000ede00000| Complete 
| 223|0x00000000edf00000, 0x00000000ee000000, 0x00000000ee000000|100%| E|CS|TAMS 0x00000000edf00000| PB 0x00000000edf00000| Complete 
| 224|0x00000000ee000000, 0x00000000ee100000, 0x00000000ee100000|100%| E|CS|TAMS 0x00000000ee000000| PB 0x00000000ee000000| Complete 
| 225|0x00000000ee100000, 0x00000000ee200000, 0x00000000ee200000|100%| E|CS|TAMS 0x00000000ee100000| PB 0x00000000ee100000| Complete 
| 226|0x00000000ee200000, 0x00000000ee300000, 0x00000000ee300000|100%| E|CS|TAMS 0x00000000ee200000| PB 0x00000000ee200000| Complete 
| 227|0x00000000ee300000, 0x00000000ee400000, 0x00000000ee400000|100%| E|CS|TAMS 0x00000000ee300000| PB 0x00000000ee300000| Complete 
| 228|0x00000000ee400000, 0x00000000ee500000, 0x00000000ee500000|100%| E|CS|TAMS 0x00000000ee400000| PB 0x00000000ee400000| Complete 
| 229|0x00000000ee500000, 0x00000000ee600000, 0x00000000ee600000|100%| E|CS|TAMS 0x00000000ee500000| PB 0x00000000ee500000| Complete 
| 230|0x00000000ee600000, 0x00000000ee700000, 0x00000000ee700000|100%| E|CS|TAMS 0x00000000ee600000| PB 0x00000000ee600000| Complete 
| 231|0x00000000ee700000, 0x00000000ee800000, 0x00000000ee800000|100%| E|CS|TAMS 0x00000000ee700000| PB 0x00000000ee700000| Complete 
| 232|0x00000000ee800000, 0x00000000ee900000, 0x00000000ee900000|100%| E|CS|TAMS 0x00000000ee800000| PB 0x00000000ee800000| Complete 
| 233|0x00000000ee900000, 0x00000000eea00000, 0x00000000eea00000|100%| E|CS|TAMS 0x00000000ee900000| PB 0x00000000ee900000| Complete 
| 234|0x00000000eea00000, 0x00000000eeb00000, 0x00000000eeb00000|100%| E|CS|TAMS 0x00000000eea00000| PB 0x00000000eea00000| Complete 
| 235|0x00000000eeb00000, 0x00000000eec00000, 0x00000000eec00000|100%| E|CS|TAMS 0x00000000eeb00000| PB 0x00000000eeb00000| Complete 
| 236|0x00000000eec00000, 0x00000000eed00000, 0x00000000eed00000|100%| E|CS|TAMS 0x00000000eec00000| PB 0x00000000eec00000| Complete 
| 237|0x00000000eed00000, 0x00000000eee00000, 0x00000000eee00000|100%| E|CS|TAMS 0x00000000eed00000| PB 0x00000000eed00000| Complete 
| 238|0x00000000eee00000, 0x00000000eef00000, 0x00000000eef00000|100%| E|CS|TAMS 0x00000000eee00000| PB 0x00000000eee00000| Complete 
| 239|0x00000000eef00000, 0x00000000ef000000, 0x00000000ef000000|100%| E|CS|TAMS 0x00000000eef00000| PB 0x00000000eef00000| Complete 
| 240|0x00000000ef000000, 0x00000000ef100000, 0x00000000ef100000|100%| E|CS|TAMS 0x00000000ef000000| PB 0x00000000ef000000| Complete 
| 241|0x00000000ef100000, 0x00000000ef200000, 0x00000000ef200000|100%| E|CS|TAMS 0x00000000ef100000| PB 0x00000000ef100000| Complete 
| 242|0x00000000ef200000, 0x00000000ef300000, 0x00000000ef300000|100%| E|CS|TAMS 0x00000000ef200000| PB 0x00000000ef200000| Complete 
| 243|0x00000000ef300000, 0x00000000ef400000, 0x00000000ef400000|100%| E|CS|TAMS 0x00000000ef300000| PB 0x00000000ef300000| Complete 
| 244|0x00000000ef400000, 0x00000000ef500000, 0x00000000ef500000|100%| E|CS|TAMS 0x00000000ef400000| PB 0x00000000ef400000| Complete 
| 245|0x00000000ef500000, 0x00000000ef600000, 0x00000000ef600000|100%| E|CS|TAMS 0x00000000ef500000| PB 0x00000000ef500000| Complete 
| 246|0x00000000ef600000, 0x00000000ef700000, 0x00000000ef700000|100%| E|CS|TAMS 0x00000000ef600000| PB 0x00000000ef600000| Complete 
| 247|0x00000000ef700000, 0x00000000ef800000, 0x00000000ef800000|100%| E|CS|TAMS 0x00000000ef700000| PB 0x00000000ef700000| Complete 
| 248|0x00000000ef800000, 0x00000000ef900000, 0x00000000ef900000|100%| E|CS|TAMS 0x00000000ef800000| PB 0x00000000ef800000| Complete 
| 249|0x00000000ef900000, 0x00000000efa00000, 0x00000000efa00000|100%| E|CS|TAMS 0x00000000ef900000| PB 0x00000000ef900000| Complete 
| 250|0x00000000efa00000, 0x00000000efb00000, 0x00000000efb00000|100%| E|CS|TAMS 0x00000000efa00000| PB 0x00000000efa00000| Complete 
| 251|0x00000000efb00000, 0x00000000efc00000, 0x00000000efc00000|100%| E|CS|TAMS 0x00000000efb00000| PB 0x00000000efb00000| Complete 
| 252|0x00000000efc00000, 0x00000000efd00000, 0x00000000efd00000|100%| E|CS|TAMS 0x00000000efc00000| PB 0x00000000efc00000| Complete 
| 253|0x00000000efd00000, 0x00000000efe00000, 0x00000000efe00000|100%| E|CS|TAMS 0x00000000efd00000| PB 0x00000000efd00000| Complete 
| 254|0x00000000efe00000, 0x00000000eff00000, 0x00000000eff00000|100%| E|CS|TAMS 0x00000000efe00000| PB 0x00000000efe00000| Complete 
| 255|0x00000000eff00000, 0x00000000f0000000, 0x00000000f0000000|100%| E|CS|TAMS 0x00000000eff00000| PB 0x00000000eff00000| Complete 

Card table byte_map: [0x00000164fc4b0000,0x00000164fc5b0000] _byte_map_base: 0x00000164fbdb0000

Marking Bits: (CMBitMap*) 0x00000164e9ea7f30
 Bits: [0x00000164fc5b0000, 0x00000164fcdb0000)

Polling page: 0x00000164e7d20000

Metaspace:

Usage:
  Non-class:     96.58 MB used.
      Class:     14.53 MB used.
       Both:    111.10 MB used.

Virtual space:
  Non-class space:      128.00 MB reserved,      97.62 MB ( 76%) committed,  2 nodes.
      Class space:      320.00 MB reserved,      15.50 MB (  5%) committed,  1 nodes.
             Both:      448.00 MB reserved,     113.12 MB ( 25%) committed. 

Chunk freelists:
   Non-Class:  14.10 MB
       Class:  335.00 KB
        Both:  14.43 MB

MaxMetaspaceSize: 384.00 MB
CompressedClassSpaceSize: 320.00 MB
Initial GC threshold: 21.00 MB
Current GC threshold: 166.56 MB
CDS: on
 - commit_granule_bytes: 65536.
 - commit_granule_words: 8192.
 - virtual_space_node_default_size: 8388608.
 - enlarge_chunks_in_place: 1.
 - use_allocation_guard: 0.


Internal statistics:

num_allocs_failed_limit: 18.
num_arena_births: 3742.
num_arena_deaths: 4.
num_vsnodes_births: 3.
num_vsnodes_deaths: 0.
num_space_committed: 1808.
num_space_uncommitted: 0.
num_chunks_returned_to_freelist: 28.
num_chunks_taken_from_freelist: 8334.
num_chunk_merges: 19.
num_chunk_splits: 5992.
num_chunks_enlarged: 4264.
num_inconsistent_stats: 0.

CodeHeap 'non-profiled nmethods': size=120000Kb used=7811Kb max_used=11454Kb free=112188Kb
 bounds [0x00000164f4b50000, 0x00000164f5680000, 0x00000164fc080000]
CodeHeap 'profiled nmethods': size=120000Kb used=19216Kb max_used=24672Kb free=100783Kb
 bounds [0x00000164ed080000, 0x00000164ee8a0000, 0x00000164f45b0000]
CodeHeap 'non-nmethods': size=5760Kb used=3106Kb max_used=3123Kb free=2653Kb
 bounds [0x00000164f45b0000, 0x00000164f48d0000, 0x00000164f4b50000]
CodeCache: size=245760Kb, used=30133Kb, max_used=39249Kb, free=215624Kb
 total_blobs=10826, nmethods=9741, adapters=988, full_count=0
Compilation: enabled, stopped_count=0, restarted_count=0

Compilation events (20 events):
Event: 331.318 Thread 0x00000164ff835320 12505       3       org.objectweb.asm.Frame::push (109 bytes)
Event: 331.318 Thread 0x00000164ff835320 nmethod 12505 0x00000164ed19c210 code [0x00000164ed19c3e0, 0x00000164ed19c928]
Event: 331.318 Thread 0x00000164ff835320 12506       3       org.gradle.model.internal.asm.ClassVisitorScope::privateSyntheticMethod (12 bytes)
Event: 331.319 Thread 0x00000164ff835320 nmethod 12506 0x00000164ed420c90 code [0x00000164ed420e40, 0x00000164ed420fa0]
Event: 331.320 Thread 0x00000164ff835320 12507       3       org.gradle.model.internal.asm.AsmClassGeneratorUtils::visitType (112 bytes)
Event: 331.322 Thread 0x00000164ff835320 nmethod 12507 0x00000164ee127710 code [0x00000164ee127b80, 0x00000164ee129be8]
Event: 331.322 Thread 0x00000164ff835320 12508       3       org.objectweb.asm.Type::getSize (86 bytes)
Event: 331.322 Thread 0x00000164ff835320 nmethod 12508 0x00000164ed740490 code [0x00000164ed740660, 0x00000164ed7409f8]
Event: 331.351 Thread 0x00000164ff835320 12509       3       com.google.common.collect.RegularImmutableMap::fromEntryArrayCheckingBucketOverflow (282 bytes)
Event: 331.354 Thread 0x00000164ff835320 nmethod 12509 0x00000164ed0da190 code [0x00000164ed0da580, 0x00000164ed0dc258]
Event: 331.378 Thread 0x00000164ff835320 12510       3       com.google.common.collect.ImmutableSet$CachingAsList::<init> (5 bytes)
Event: 331.378 Thread 0x00000164ff835320 nmethod 12510 0x00000164ed5ece90 code [0x00000164ed5ed040, 0x00000164ed5ed2c0]
Event: 331.379 Thread 0x00000164ff835320 12511       3       com.google.common.collect.RegularImmutableMap::get (64 bytes)
Event: 331.380 Thread 0x00000164ff835320 nmethod 12511 0x00000164ed61b010 code [0x00000164ed61b220, 0x00000164ed61b7b0]
Event: 331.383 Thread 0x00000164ff835320 12512       3       org.gradle.internal.instantiation.generator.AbstractClassGenerator$ClassGenerationHandler::hasFields (1 bytes)
Event: 331.384 Thread 0x00000164ff835320 nmethod 12512 0x00000164ed1a8e10 code [0x00000164ed1a8fa0, 0x00000164ed1a90a8]
Event: 331.384 Thread 0x00000164ff835320 12513       3       org.gradle.model.internal.asm.MethodVisitorScope::_INVOKESTATIC (11 bytes)
Event: 331.384 Thread 0x00000164ff835320 nmethod 12513 0x00000164ed521910 code [0x00000164ed521ae0, 0x00000164ed521d78]
Event: 331.479 Thread 0x00000164ff835320 12517       3       com.google.common.collect.RegularImmutableSet::size (6 bytes)
Event: 331.480 Thread 0x00000164ff835320 nmethod 12517 0x00000164ed43a890 code [0x00000164ed43aa20, 0x00000164ed43ab38]

GC Heap History (20 events):
Event: 234.490 GC heap before
{Heap before GC invocations=51 (full 0):
 garbage-first heap   total 262144K, used 236033K [0x00000000e0000000, 0x0000000100000000)
  region size 1024K, 153 young (156672K), 9 survivors (9216K)
 Metaspace       used 54930K, committed 56448K, reserved 393216K
  class space    used 7639K, committed 8384K, reserved 327680K
}
Event: 234.494 GC heap after
{Heap after GC invocations=52 (full 0):
 garbage-first heap   total 262144K, used 78463K [0x00000000e0000000, 0x0000000100000000)
  region size 1024K, 6 young (6144K), 6 survivors (6144K)
 Metaspace       used 54930K, committed 56448K, reserved 393216K
  class space    used 7639K, committed 8384K, reserved 327680K
}
Event: 235.958 GC heap before
{Heap before GC invocations=52 (full 0):
 garbage-first heap   total 262144K, used 228991K [0x00000000e0000000, 0x0000000100000000)
  region size 1024K, 153 young (156672K), 6 survivors (6144K)
 Metaspace       used 54931K, committed 56448K, reserved 393216K
  class space    used 7639K, committed 8384K, reserved 327680K
}
Event: 235.964 GC heap after
{Heap after GC invocations=53 (full 0):
 garbage-first heap   total 262144K, used 80612K [0x00000000e0000000, 0x0000000100000000)
  region size 1024K, 7 young (7168K), 7 survivors (7168K)
 Metaspace       used 54931K, committed 56448K, reserved 393216K
  class space    used 7639K, committed 8384K, reserved 327680K
}
Event: 237.031 GC heap before
{Heap before GC invocations=53 (full 0):
 garbage-first heap   total 262144K, used 230116K [0x00000000e0000000, 0x0000000100000000)
  region size 1024K, 153 young (156672K), 7 survivors (7168K)
 Metaspace       used 54933K, committed 56448K, reserved 393216K
  class space    used 7639K, committed 8384K, reserved 327680K
}
Event: 237.038 GC heap after
{Heap after GC invocations=54 (full 0):
 garbage-first heap   total 262144K, used 83030K [0x00000000e0000000, 0x0000000100000000)
  region size 1024K, 9 young (9216K), 9 survivors (9216K)
 Metaspace       used 54933K, committed 56448K, reserved 393216K
  class space    used 7639K, committed 8384K, reserved 327680K
}
Event: 238.333 GC heap before
{Heap before GC invocations=54 (full 0):
 garbage-first heap   total 262144K, used 230486K [0x00000000e0000000, 0x0000000100000000)
  region size 1024K, 153 young (156672K), 9 survivors (9216K)
 Metaspace       used 54933K, committed 56448K, reserved 393216K
  class space    used 7639K, committed 8384K, reserved 327680K
}
Event: 238.338 GC heap after
{Heap after GC invocations=55 (full 0):
 garbage-first heap   total 262144K, used 85253K [0x00000000e0000000, 0x0000000100000000)
  region size 1024K, 11 young (11264K), 11 survivors (11264K)
 Metaspace       used 54933K, committed 56448K, reserved 393216K
  class space    used 7639K, committed 8384K, reserved 327680K
}
Event: 246.600 GC heap before
{Heap before GC invocations=55 (full 0):
 garbage-first heap   total 262144K, used 237829K [0x00000000e0000000, 0x0000000100000000)
  region size 1024K, 153 young (156672K), 11 survivors (11264K)
 Metaspace       used 55030K, committed 56640K, reserved 393216K
  class space    used 7652K, committed 8448K, reserved 327680K
}
Event: 246.604 GC heap after
{Heap after GC invocations=56 (full 0):
 garbage-first heap   total 262144K, used 70482K [0x00000000e0000000, 0x0000000100000000)
  region size 1024K, 3 young (3072K), 3 survivors (3072K)
 Metaspace       used 55030K, committed 56640K, reserved 393216K
  class space    used 7652K, committed 8448K, reserved 327680K
}
Event: 251.474 GC heap before
{Heap before GC invocations=56 (full 0):
 garbage-first heap   total 262144K, used 225106K [0x00000000e0000000, 0x0000000100000000)
  region size 1024K, 153 young (156672K), 3 survivors (3072K)
 Metaspace       used 55041K, committed 56640K, reserved 393216K
  class space    used 7652K, committed 8448K, reserved 327680K
}
Event: 251.478 GC heap after
{Heap after GC invocations=57 (full 0):
 garbage-first heap   total 262144K, used 69552K [0x00000000e0000000, 0x0000000100000000)
  region size 1024K, 2 young (2048K), 2 survivors (2048K)
 Metaspace       used 55041K, committed 56640K, reserved 393216K
  class space    used 7652K, committed 8448K, reserved 327680K
}
Event: 259.323 GC heap before
{Heap before GC invocations=57 (full 0):
 garbage-first heap   total 262144K, used 132016K [0x00000000e0000000, 0x0000000100000000)
  region size 1024K, 64 young (65536K), 2 survivors (2048K)
 Metaspace       used 59714K, committed 61248K, reserved 393216K
  class space    used 8700K, committed 9472K, reserved 327680K
}
Event: 259.326 GC heap after
{Heap after GC invocations=58 (full 0):
 garbage-first heap   total 262144K, used 70234K [0x00000000e0000000, 0x0000000100000000)
  region size 1024K, 2 young (2048K), 2 survivors (2048K)
 Metaspace       used 59714K, committed 61248K, reserved 393216K
  class space    used 8700K, committed 9472K, reserved 327680K
}
Event: 279.527 GC heap before
{Heap before GC invocations=59 (full 0):
 garbage-first heap   total 262144K, used 234074K [0x00000000e0000000, 0x0000000100000000)
  region size 1024K, 153 young (156672K), 2 survivors (2048K)
 Metaspace       used 76731K, committed 78336K, reserved 458752K
  class space    used 10775K, committed 11584K, reserved 327680K
}
Event: 279.544 GC heap after
{Heap after GC invocations=60 (full 0):
 garbage-first heap   total 262144K, used 87410K [0x00000000e0000000, 0x0000000100000000)
  region size 1024K, 16 young (16384K), 16 survivors (16384K)
 Metaspace       used 76731K, committed 78336K, reserved 458752K
  class space    used 10775K, committed 11584K, reserved 327680K
}
Event: 298.830 GC heap before
{Heap before GC invocations=60 (full 0):
 garbage-first heap   total 262144K, used 228722K [0x00000000e0000000, 0x0000000100000000)
  region size 1024K, 153 young (156672K), 16 survivors (16384K)
 Metaspace       used 91678K, committed 93696K, reserved 458752K
  class space    used 12500K, committed 13504K, reserved 327680K
}
Event: 298.855 GC heap after
{Heap after GC invocations=61 (full 0):
 garbage-first heap   total 262144K, used 88922K [0x00000000e0000000, 0x0000000100000000)
  region size 1024K, 10 young (10240K), 10 survivors (10240K)
 Metaspace       used 91678K, committed 93696K, reserved 458752K
  class space    used 12500K, committed 13504K, reserved 327680K
}
Event: 313.438 GC heap before
{Heap before GC invocations=61 (full 0):
 garbage-first heap   total 262144K, used 188250K [0x00000000e0000000, 0x0000000100000000)
  region size 1024K, 108 young (110592K), 10 survivors (10240K)
 Metaspace       used 100256K, committed 102208K, reserved 458752K
  class space    used 13395K, committed 14336K, reserved 327680K
}
Event: 313.452 GC heap after
{Heap after GC invocations=62 (full 0):
 garbage-first heap   total 262144K, used 95984K [0x00000000e0000000, 0x0000000100000000)
  region size 1024K, 17 young (17408K), 17 survivors (17408K)
 Metaspace       used 100256K, committed 102208K, reserved 458752K
  class space    used 13395K, committed 14336K, reserved 327680K
}

Dll operation events (14 events):
Event: 0.016 Loaded shared library C:\Users\sarki\.antigravity-ide\extensions\redhat.java-1.55.0-win32-x64\jre\21.0.11-win32-x86_64\bin\java.dll
Event: 0.306 Loaded shared library C:\Users\sarki\.antigravity-ide\extensions\redhat.java-1.55.0-win32-x64\jre\21.0.11-win32-x86_64\bin\zip.dll
Event: 0.346 Loaded shared library C:\Users\sarki\.antigravity-ide\extensions\redhat.java-1.55.0-win32-x64\jre\21.0.11-win32-x86_64\bin\instrument.dll
Event: 0.361 Loaded shared library C:\Users\sarki\.antigravity-ide\extensions\redhat.java-1.55.0-win32-x64\jre\21.0.11-win32-x86_64\bin\net.dll
Event: 0.366 Loaded shared library C:\Users\sarki\.antigravity-ide\extensions\redhat.java-1.55.0-win32-x64\jre\21.0.11-win32-x86_64\bin\nio.dll
Event: 0.370 Loaded shared library C:\Users\sarki\.antigravity-ide\extensions\redhat.java-1.55.0-win32-x64\jre\21.0.11-win32-x86_64\bin\zip.dll
Event: 0.952 Loaded shared library C:\Users\sarki\.antigravity-ide\extensions\redhat.java-1.55.0-win32-x64\jre\21.0.11-win32-x86_64\bin\jimage.dll
Event: 1.378 Loaded shared library C:\Users\sarki\.antigravity-ide\extensions\redhat.java-1.55.0-win32-x64\jre\21.0.11-win32-x86_64\bin\verify.dll
Event: 1.708 Loaded shared library C:\Users\sarki\.gradle\native\c067742578af261105cb4f569cf0c3c89f3d7b1fecec35dd04571415982c5e48\windows-amd64\native-platform.dll
Event: 1.742 Loaded shared library C:\Users\sarki\.gradle\native\100fb08df4bc3b14c8652ba06237920a3bd2aa13389f12d3474272988ae205f9\windows-amd64\native-platform-file-events.dll
Event: 12.540 Loaded shared library C:\Users\sarki\.antigravity-ide\extensions\redhat.java-1.55.0-win32-x64\jre\21.0.11-win32-x86_64\bin\management.dll
Event: 12.583 Loaded shared library C:\Users\sarki\.antigravity-ide\extensions\redhat.java-1.55.0-win32-x64\jre\21.0.11-win32-x86_64\bin\management_ext.dll
Event: 14.152 Loaded shared library C:\Users\sarki\.antigravity-ide\extensions\redhat.java-1.55.0-win32-x64\jre\21.0.11-win32-x86_64\bin\extnet.dll
Event: 15.903 Loaded shared library C:\Users\sarki\.antigravity-ide\extensions\redhat.java-1.55.0-win32-x64\jre\21.0.11-win32-x86_64\bin\sunmscapi.dll

Deoptimization events (20 events):
Event: 330.988 Thread 0x000001649c4d1830 Uncommon trap: trap_request=0xffffff45 fr.pc=0x00000164f54c69c8 relative=0x0000000000003468
Event: 330.988 Thread 0x000001649c4d1830 Uncommon trap: reason=unstable_if action=reinterpret pc=0x00000164f54c69c8 method=org.objectweb.asm.MethodWriter.visitInvokeDynamicInsn(Ljava/lang/String;Ljava/lang/String;Lorg/objectweb/asm/Handle;[Ljava/lang/Object;)V @ 54 c2
Event: 330.988 Thread 0x000001649c4d1830 DEOPT PACKING pc=0x00000164f54c69c8 sp=0x000000150dbf8c70
Event: 330.988 Thread 0x000001649c4d1830 DEOPT UNPACKING pc=0x00000164f4607ba2 sp=0x000000150dbf8c10 mode 2
Event: 330.996 Thread 0x000001649c4d1830 Uncommon trap: trap_request=0xffffffde fr.pc=0x00000164f532c4a8 relative=0x0000000000000688
Event: 330.996 Thread 0x000001649c4d1830 Uncommon trap: reason=class_check action=maybe_recompile pc=0x00000164f532c4a8 method=com.google.common.collect.ImmutableCollection.toArray([Ljava/lang/Object;)[Ljava/lang/Object; @ 6 c2
Event: 330.996 Thread 0x000001649c4d1830 DEOPT PACKING pc=0x00000164f532c4a8 sp=0x000000150dbf8e80
Event: 330.996 Thread 0x000001649c4d1830 DEOPT UNPACKING pc=0x00000164f4607ba2 sp=0x000000150dbf8e70 mode 2
Event: 331.033 Thread 0x000001649c4d1830 Uncommon trap: trap_request=0xffffff45 fr.pc=0x00000164f4b7b498 relative=0x0000000000000258
Event: 331.033 Thread 0x000001649c4d1830 Uncommon trap: reason=unstable_if action=reinterpret pc=0x00000164f4b7b498 method=org.objectweb.asm.Frame.push(I)V @ 26 c2
Event: 331.033 Thread 0x000001649c4d1830 DEOPT PACKING pc=0x00000164f4b7b498 sp=0x000000150dbf8af0
Event: 331.033 Thread 0x000001649c4d1830 DEOPT UNPACKING pc=0x00000164f4607ba2 sp=0x000000150dbf8a98 mode 2
Event: 331.046 Thread 0x000001649c4d1830 Uncommon trap: trap_request=0xffffffc6 fr.pc=0x00000164f547c534 relative=0x00000000000027f4
Event: 331.046 Thread 0x000001649c4d1830 Uncommon trap: reason=bimorphic_or_optimized_type_check action=maybe_recompile pc=0x00000164f547c534 method=com.google.common.collect.AbstractIterator.tryToComputeNext()Z @ 9 c2
Event: 331.046 Thread 0x000001649c4d1830 DEOPT PACKING pc=0x00000164f547c534 sp=0x000000150dbf9bd0
Event: 331.046 Thread 0x000001649c4d1830 DEOPT UNPACKING pc=0x00000164f4607ba2 sp=0x000000150dbf9bf0 mode 2
Event: 331.488 Thread 0x000001649c4d1830 Uncommon trap: trap_request=0xffffffc6 fr.pc=0x00000164f52af340 relative=0x0000000000001840
Event: 331.488 Thread 0x000001649c4d1830 Uncommon trap: reason=bimorphic_or_optimized_type_check action=maybe_recompile pc=0x00000164f52af340 method=java.util.TreeMap.compare(Ljava/lang/Object;Ljava/lang/Object;)I @ 26 c2
Event: 331.488 Thread 0x000001649c4d1830 DEOPT PACKING pc=0x00000164f52af340 sp=0x000000150dbf9880
Event: 331.488 Thread 0x000001649c4d1830 DEOPT UNPACKING pc=0x00000164f4607ba2 sp=0x000000150dbf9780 mode 2

Classes loaded (20 events):
Event: 271.308 Loading class sun/nio/ch/FileChannelImpl$Unmapper done
Event: 271.308 Loading class sun/nio/ch/FileChannelImpl$DefaultUnmapper done
Event: 271.309 Loading class sun/nio/ch/Util$4
Event: 271.311 Loading class sun/nio/ch/Util$4 done
Event: 271.345 Loading class java/io/UTFDataFormatException
Event: 271.345 Loading class java/io/UTFDataFormatException done
Event: 272.602 Loading class java/nio/channels/Channels$ReadableByteChannelImpl
Event: 272.602 Loading class java/nio/channels/Channels$ReadableByteChannelImpl done
Event: 272.604 Loading class java/nio/channels/NonWritableChannelException
Event: 272.604 Loading class java/nio/channels/NonWritableChannelException done
Event: 290.582 Loading class java/text/StringCharacterIterator
Event: 290.585 Loading class java/text/CharacterIterator
Event: 290.585 Loading class java/text/CharacterIterator done
Event: 290.585 Loading class java/text/StringCharacterIterator done
Event: 290.826 Loading class java/io/NotSerializableException
Event: 290.826 Loading class java/io/NotSerializableException done
Event: 293.059 Loading class java/util/function/IntUnaryOperator
Event: 293.059 Loading class java/util/function/IntUnaryOperator done
Event: 329.410 Loading class java/util/Vector$Itr
Event: 329.411 Loading class java/util/Vector$Itr done

Classes unloaded (13 events):
Event: 259.380 Thread 0x00000164ff803bb0 Unloading class 0x000001648176a7e0 '_BuildScript_$_run_closure3'
Event: 259.380 Thread 0x00000164ff803bb0 Unloading class 0x000001648176a3f0 '_BuildScript_$_run_closure2$_closure7$_closure9'
Event: 259.380 Thread 0x00000164ff803bb0 Unloading class 0x000001648176a000 '_BuildScript_$_run_closure2$_closure7'
Event: 259.380 Thread 0x00000164ff803bb0 Unloading class 0x0000016481769bd0 '_BuildScript_$_run_closure2$_closure6$_closure8'
Event: 259.380 Thread 0x00000164ff803bb0 Unloading class 0x00000164817697e0 '_BuildScript_$_run_closure2$_closure6'
Event: 259.380 Thread 0x00000164ff803bb0 Unloading class 0x00000164817693f0 '_BuildScript_$_run_closure2$_closure5'
Event: 259.380 Thread 0x00000164ff803bb0 Unloading class 0x0000016481769000 '_BuildScript_$_run_closure2$_closure4'
Event: 259.380 Thread 0x00000164ff803bb0 Unloading class 0x0000016481768930 '_BuildScript_$_run_closure2'
Event: 259.380 Thread 0x00000164ff803bb0 Unloading class 0x0000016481768540 '_BuildScript_$_run_closure1'
Event: 259.380 Thread 0x00000164ff803bb0 Unloading class 0x0000016481768000 '_BuildScript_'
Event: 259.380 Thread 0x00000164ff803bb0 Unloading class 0x0000016481714930 '_BuildScript_$_run_closure1$_closure2'
Event: 259.380 Thread 0x00000164ff803bb0 Unloading class 0x0000016481714540 '_BuildScript_$_run_closure1'
Event: 259.380 Thread 0x00000164ff803bb0 Unloading class 0x0000016481714000 '_BuildScript_'

Classes redefined (0 events):
No events

Internal exceptions (20 events):
Event: 287.531 Thread 0x000001649c4d1830 Exception <a 'java/lang/NoSuchMethodError'{0x00000000ec556670}: 'java.lang.Object java.lang.invoke.DelegatingMethodHandle$Holder.reinvoke_L(java.lang.Object, java.lang.Object, java.lang.Object, java.lang.Object, java.lang.Object, java.lang.Object, java.lang.Object, java.lang.Object, java.lang.Object, java.lang.Object, java.lang.Object, java.lang.Object, java.lang.Object, java.lang.Object, java.lang.Object, java.lang.Object)'> (0x00000000ec556670) 
thrown [s\src\hotspot\share\interpreter\linkResolver.cpp, l
Event: 287.607 Thread 0x000001649c4d1830 Exception <a 'java/lang/NoSuchMethodError'{0x00000000ec408620}: 'java.lang.Object java.lang.invoke.DirectMethodHandle$Holder.newInvokeSpecial(java.lang.Object, java.lang.Object, java.lang.Object, java.lang.Object, java.lang.Object, java.lang.Object, java.lang.Object, java.lang.Object, java.lang.Object, java.lang.Object, java.lang.Object, java.lang.Object, java.lang.Object, java.lang.Object, java.lang.Object, java.lang.Object, java.lang.Object, java.lang.Object)'> (0x00000000ec408620) 
thrown [s\src\hotspot
Event: 287.607 Thread 0x000001649c4d1830 Exception <a 'java/lang/NoSuchMethodError'{0x00000000ec40f650}: 'java.lang.Object java.lang.invoke.DirectMethodHandle$Holder.invokeSpecial(java.lang.Object, java.lang.Object, java.lang.Object, java.lang.Object, java.lang.Object, java.lang.Object, java.lang.Object, java.lang.Object, java.lang.Object, java.lang.Object, java.lang.Object, java.lang.Object, java.lang.Object, java.lang.Object, java.lang.Object, java.lang.Object, java.lang.Object, java.lang.Object, java.lang.Object)'> (0x00000000ec40f650) 
thrown
Event: 287.608 Thread 0x000001649c4d1830 Exception <a 'java/lang/NoSuchMethodError'{0x00000000ec4154e0}: 'java.lang.Object java.lang.invoke.DelegatingMethodHandle$Holder.reinvoke_L(java.lang.Object, java.lang.Object, java.lang.Object, java.lang.Object, java.lang.Object, java.lang.Object, java.lang.Object, java.lang.Object, java.lang.Object, java.lang.Object, java.lang.Object, java.lang.Object, java.lang.Object, java.lang.Object, java.lang.Object, java.lang.Object, java.lang.Object, java.lang.Object)'> (0x00000000ec4154e0) 
thrown [s\src\hotspot\s
Event: 287.647 Thread 0x000001649c4d1830 Exception <a 'java/lang/NoSuchMethodError'{0x00000000ec4acf10}: 'java.lang.Object java.lang.invoke.DirectMethodHandle$Holder.newInvokeSpecial(java.lang.Object, java.lang.Object, java.lang.Object, java.lang.Object, java.lang.Object, java.lang.Object, java.lang.Object, java.lang.Object, java.lang.Object, java.lang.Object, java.lang.Object, java.lang.Object, java.lang.Object, java.lang.Object, java.lang.Object, java.lang.Object, java.lang.Object, java.lang.Object, java.lang.Object, java.lang.Object, java.lang
Event: 293.751 Thread 0x000001649c4d1830 Exception <a 'java/lang/NoSuchMethodError'{0x00000000e9518ca0}: 'java.lang.Object java.lang.invoke.DirectMethodHandle$Holder.newInvokeSpecial(java.lang.Object, java.lang.Object, java.lang.Object, java.lang.Object, int)'> (0x00000000e9518ca0) 
thrown [s\src\hotspot\share\interpreter\linkResolver.cpp, line 773]
Event: 293.757 Thread 0x000001649c4d1830 Exception <a 'java/lang/NoSuchMethodError'{0x00000000e951e758}: 'java.lang.Object java.lang.invoke.DirectMethodHandle$Holder.invokeSpecial(java.lang.Object, java.lang.Object, java.lang.Object, java.lang.Object, java.lang.Object, int)'> (0x00000000e951e758) 
thrown [s\src\hotspot\share\interpreter\linkResolver.cpp, line 773]
Event: 293.758 Thread 0x000001649c4d1830 Exception <a 'java/lang/NoSuchMethodError'{0x00000000e9523bc8}: 'java.lang.Object java.lang.invoke.Invokers$Holder.linkToTargetMethod(java.lang.Object, java.lang.Object, java.lang.Object, int, java.lang.Object)'> (0x00000000e9523bc8) 
thrown [s\src\hotspot\share\interpreter\linkResolver.cpp, line 773]
Event: 313.692 Thread 0x000001649c4d1830 Exception <a 'java/lang/NoSuchMethodError'{0x00000000efe25468}: 'java.lang.Object java.lang.invoke.DirectMethodHandle$Holder.newInvokeSpecial(java.lang.Object, java.lang.Object, java.lang.Object, int, int, java.lang.Object, java.lang.Object)'> (0x00000000efe25468) 
thrown [s\src\hotspot\share\interpreter\linkResolver.cpp, line 773]
Event: 330.530 Thread 0x000001649c4d1830 Exception <a 'sun/nio/fs/WindowsException'{0x00000000eab54200}> (0x00000000eab54200) 
thrown [s\src\hotspot\share\prims\jni.cpp, line 520]
Event: 330.531 Thread 0x000001649c4d1830 Exception <a 'sun/nio/fs/WindowsException'{0x00000000eab55bc0}> (0x00000000eab55bc0) 
thrown [s\src\hotspot\share\prims\jni.cpp, line 520]
Event: 330.611 Thread 0x000001649c4d1830 Exception <a 'sun/nio/fs/WindowsException'{0x00000000eab6bf70}> (0x00000000eab6bf70) 
thrown [s\src\hotspot\share\prims\jni.cpp, line 520]
Event: 330.658 Thread 0x000001649c4d1830 Exception <a 'sun/nio/fs/WindowsException'{0x00000000eab742a0}> (0x00000000eab742a0) 
thrown [s\src\hotspot\share\prims\jni.cpp, line 520]
Event: 330.681 Thread 0x000001649c4d1830 Exception <a 'sun/nio/fs/WindowsException'{0x00000000eab7c4b0}> (0x00000000eab7c4b0) 
thrown [s\src\hotspot\share\prims\jni.cpp, line 520]
Event: 330.717 Thread 0x000001649c4d1830 Exception <a 'sun/nio/fs/WindowsException'{0x00000000eab86968}> (0x00000000eab86968) 
thrown [s\src\hotspot\share\prims\jni.cpp, line 520]
Event: 331.013 Thread 0x000001649c4d1830 Exception <a 'java/lang/NoSuchMethodError'{0x00000000eaac6ad0}: 'java.lang.Object java.lang.invoke.DirectMethodHandle$Holder.invokeVirtual(java.lang.Object, java.lang.Object, java.lang.Object, java.lang.Object, java.lang.Object, java.lang.Object, java.lang.Object, java.lang.Object, java.lang.Object, java.lang.Object, java.lang.Object, java.lang.Object, java.lang.Object, java.lang.Object, java.lang.Object)'> (0x00000000eaac6ad0) 
thrown [s\src\hotspot\share\interpreter\linkResolver.cpp, line 773]
Event: 331.014 Thread 0x000001649c4d1830 Exception <a 'java/lang/NoSuchMethodError'{0x00000000eaacc2f0}: 'java.lang.Object java.lang.invoke.DirectMethodHandle$Holder.invokeSpecial(java.lang.Object, java.lang.Object, java.lang.Object, java.lang.Object, java.lang.Object, java.lang.Object, java.lang.Object, java.lang.Object, java.lang.Object, java.lang.Object, java.lang.Object, java.lang.Object, java.lang.Object, java.lang.Object, java.lang.Object, java.lang.Object)'> (0x00000000eaacc2f0) 
thrown [s\src\hotspot\share\interpreter\linkResolver.cpp, li
Event: 331.014 Thread 0x000001649c4d1830 Exception <a 'java/lang/NoSuchMethodError'{0x00000000eaad1538}: 'java.lang.Object java.lang.invoke.DelegatingMethodHandle$Holder.reinvoke_L(java.lang.Object, java.lang.Object, java.lang.Object, java.lang.Object, java.lang.Object, java.lang.Object, java.lang.Object, java.lang.Object, java.lang.Object, java.lang.Object, java.lang.Object, java.lang.Object, java.lang.Object, java.lang.Object, java.lang.Object)'> (0x00000000eaad1538) 
thrown [s\src\hotspot\share\interpreter\linkResolver.cpp, line 773]
Event: 331.451 Thread 0x000001649c4d1830 Exception <a 'java/lang/NoSuchMethodError'{0x00000000ea6e7ff0}: 'java.lang.Object java.lang.invoke.DirectMethodHandle$Holder.invokeSpecial(java.lang.Object, java.lang.Object, java.lang.Object, java.lang.Object, int, java.lang.Object)'> (0x00000000ea6e7ff0) 
thrown [s\src\hotspot\share\interpreter\linkResolver.cpp, line 773]
Event: 331.499 Thread 0x000001649c4d1830 Exception <a 'java/lang/NoSuchMethodError'{0x00000000ea57d6b0}: 'void java.lang.invoke.DirectMethodHandle$Holder.invokeStatic(java.lang.Object, java.lang.Object, long, java.lang.Object)'> (0x00000000ea57d6b0) 
thrown [s\src\hotspot\share\interpreter\linkResolver.cpp, line 773]

ZGC Phase Switch (0 events):
No events

VM Operations (20 events):
Event: 323.048 Executing safepoint VM operation: Cleanup
Event: 323.078 Executing safepoint VM operation: Cleanup done
Event: 324.079 Executing safepoint VM operation: Cleanup
Event: 324.080 Executing safepoint VM operation: Cleanup done
Event: 324.171 Executing non-safepoint VM operation: HandshakeAllThreads (Deoptimize)
Event: 324.171 Executing non-safepoint VM operation: HandshakeAllThreads (Deoptimize) done
Event: 325.761 Executing non-safepoint VM operation: HandshakeAllThreads (Deoptimize)
Event: 325.762 Executing non-safepoint VM operation: HandshakeAllThreads (Deoptimize) done
Event: 325.762 Executing safepoint VM operation: Cleanup
Event: 325.762 Executing safepoint VM operation: Cleanup done
Event: 326.770 Executing safepoint VM operation: Cleanup
Event: 326.770 Executing safepoint VM operation: Cleanup done
Event: 327.775 Executing safepoint VM operation: Cleanup
Event: 327.791 Executing safepoint VM operation: Cleanup done
Event: 328.807 Executing safepoint VM operation: Cleanup
Event: 328.807 Executing safepoint VM operation: Cleanup done
Event: 329.815 Executing safepoint VM operation: Cleanup
Event: 329.831 Executing safepoint VM operation: Cleanup done
Event: 330.843 Executing safepoint VM operation: Cleanup
Event: 330.843 Executing safepoint VM operation: Cleanup done

Memory protections (0 events):
No events

Nmethod flushes (20 events):
Event: 313.558 Thread 0x00000164ff803bb0 flushing  nmethod 0x00000164ee046810
Event: 313.558 Thread 0x00000164ff803bb0 flushing  nmethod 0x00000164ee046d10
Event: 313.558 Thread 0x00000164ff803bb0 flushing  nmethod 0x00000164ee047690
Event: 313.558 Thread 0x00000164ff803bb0 flushing  nmethod 0x00000164ee04c910
Event: 313.558 Thread 0x00000164ff803bb0 flushing  nmethod 0x00000164ee04e990
Event: 313.558 Thread 0x00000164ff803bb0 flushing  nmethod 0x00000164ee04ef90
Event: 313.558 Thread 0x00000164ff803bb0 flushing  nmethod 0x00000164ee04f590
Event: 313.558 Thread 0x00000164ff803bb0 flushing  nmethod 0x00000164ee050d10
Event: 313.558 Thread 0x00000164ff803bb0 flushing  nmethod 0x00000164ee0b1a90
Event: 313.558 Thread 0x00000164ff803bb0 flushing  nmethod 0x00000164ee0b2390
Event: 313.558 Thread 0x00000164ff803bb0 flushing  nmethod 0x00000164ee0b5690
Event: 313.558 Thread 0x00000164ff803bb0 flushing  nmethod 0x00000164ee0bc910
Event: 313.558 Thread 0x00000164ff803bb0 flushing  nmethod 0x00000164ee0c5010
Event: 313.558 Thread 0x00000164ff803bb0 flushing  nmethod 0x00000164ee0c7690
Event: 313.558 Thread 0x00000164ff803bb0 flushing  nmethod 0x00000164ee0cb090
Event: 313.558 Thread 0x00000164ff803bb0 flushing  nmethod 0x00000164ee0cba90
Event: 313.558 Thread 0x00000164ff803bb0 flushing  nmethod 0x00000164ee130290
Event: 313.558 Thread 0x00000164ff803bb0 flushing  nmethod 0x00000164ee130710
Event: 313.558 Thread 0x00000164ff803bb0 flushing  nmethod 0x00000164ee131f10
Event: 313.558 Thread 0x00000164ff803bb0 flushing  nmethod 0x00000164ee1f9310

Events (20 events):
Event: 218.598 Thread 0x000001649e3b7010 Thread exited: 0x000001649e3b7010
Event: 220.054 Thread 0x000001649d390c90 Thread exited: 0x000001649d390c90
Event: 233.208 Thread 0x00000164ff830080 Thread added: 0x000001649eb7c920
Event: 235.513 Thread 0x0000016499d04030 Thread exited: 0x0000016499d04030
Event: 236.251 Thread 0x000001649eb7c920 Thread exited: 0x000001649eb7c920
Event: 239.328 Thread 0x00000164ff835320 Thread added: 0x000001649eb7c920
Event: 239.856 Thread 0x000001649eb7c920 Thread exited: 0x000001649eb7c920
Event: 271.657 Thread 0x00000164ff830080 Thread added: 0x000001649eba5830
Event: 271.680 Thread 0x00000164ff830080 Thread added: 0x0000016499beb060
Event: 271.965 Thread 0x0000016499beb060 Thread exited: 0x0000016499beb060
Event: 272.380 Thread 0x000001649eba5830 Thread exited: 0x000001649eba5830
Event: 272.508 Thread 0x00000164ff835320 Thread added: 0x000001649eba5830
Event: 272.509 Thread 0x00000164ff835320 Thread added: 0x000001649cf455a0
Event: 272.640 Thread 0x000001649cf455a0 Thread exited: 0x000001649cf455a0
Event: 272.640 Thread 0x000001649eba5830 Thread exited: 0x000001649eba5830
Event: 298.507 Thread 0x00000164ff835320 Thread added: 0x000001649f2c3020
Event: 299.195 Thread 0x000001649f2c3020 Thread exited: 0x000001649f2c3020
Event: 304.849 Thread 0x00000164ff835320 Thread added: 0x000001649dc2f420
Event: 305.239 Thread 0x000001649dc2f420 Thread exited: 0x000001649dc2f420
Event: 316.505 Thread 0x000001649e59b830 Thread exited: 0x000001649e59b830


Dynamic libraries:
0x00007ff711660000 - 0x00007ff71166e000 	C:\Users\sarki\.antigravity-ide\extensions\redhat.java-1.55.0-win32-x64\jre\21.0.11-win32-x86_64\bin\java.exe
0x00007fff6ed60000 - 0x00007fff6efc6000 	C:\WINDOWS\SYSTEM32\ntdll.dll
0x00007fff6d5e0000 - 0x00007fff6d6a9000 	C:\WINDOWS\System32\KERNEL32.DLL
0x00007fff6c5a0000 - 0x00007fff6c99e000 	C:\WINDOWS\System32\KERNELBASE.dll
0x00007fff6c2f0000 - 0x00007fff6c43c000 	C:\WINDOWS\System32\ucrtbase.dll
0x00007fff553e0000 - 0x00007fff553f8000 	C:\Users\sarki\.antigravity-ide\extensions\redhat.java-1.55.0-win32-x64\jre\21.0.11-win32-x86_64\bin\jli.dll
0x00007fff6e7d0000 - 0x00007fff6e997000 	C:\WINDOWS\System32\USER32.dll
0x00007fff6c9b0000 - 0x00007fff6c9d7000 	C:\WINDOWS\System32\win32u.dll
0x00007fff6eb30000 - 0x00007fff6eb5b000 	C:\WINDOWS\System32\GDI32.dll
0x00007fff6c040000 - 0x00007fff6c16a000 	C:\WINDOWS\System32\gdi32full.dll
0x00007fff6c9e0000 - 0x00007fff6ca83000 	C:\WINDOWS\System32\msvcp_win.dll
0x00007fff5b5e0000 - 0x00007fff5b5fe000 	C:\Users\sarki\.antigravity-ide\extensions\redhat.java-1.55.0-win32-x64\jre\21.0.11-win32-x86_64\bin\VCRUNTIME140.dll
0x00007fff52af0000 - 0x00007fff52d82000 	C:\WINDOWS\WinSxS\amd64_microsoft.windows.common-controls_6595b64144ccf1df_6.0.26100.8875_none_3e0d5d42e32fe9dd\COMCTL32.dll
0x00007fff6dde0000 - 0x00007fff6de89000 	C:\WINDOWS\System32\msvcrt.dll
0x00007fff6cc40000 - 0x00007fff6cc72000 	C:\WINDOWS\System32\IMM32.DLL
0x00007fff55fa0000 - 0x00007fff55fac000 	C:\Users\sarki\.antigravity-ide\extensions\redhat.java-1.55.0-win32-x64\jre\21.0.11-win32-x86_64\bin\vcruntime140_1.dll
0x00007fff4bba0000 - 0x00007fff4bc2d000 	C:\Users\sarki\.antigravity-ide\extensions\redhat.java-1.55.0-win32-x64\jre\21.0.11-win32-x86_64\bin\msvcp140.dll
0x00007ffead610000 - 0x00007ffeae3b2000 	C:\Users\sarki\.antigravity-ide\extensions\redhat.java-1.55.0-win32-x64\jre\21.0.11-win32-x86_64\bin\server\jvm.dll
0x00007fff6d0c0000 - 0x00007fff6d177000 	C:\WINDOWS\System32\ADVAPI32.dll
0x00007fff6d010000 - 0x00007fff6d0ba000 	C:\WINDOWS\System32\sechost.dll
0x00007fff6e6b0000 - 0x00007fff6e7c8000 	C:\WINDOWS\System32\RPCRT4.dll
0x00007fff6d450000 - 0x00007fff6d4d0000 	C:\WINDOWS\System32\WS2_32.dll
0x00007fff6bde0000 - 0x00007fff6be3e000 	C:\WINDOWS\SYSTEM32\POWRPROF.dll
0x00007fff55320000 - 0x00007fff55356000 	C:\WINDOWS\SYSTEM32\WINMM.dll
0x00007fff591a0000 - 0x00007fff591ab000 	C:\WINDOWS\SYSTEM32\VERSION.dll
0x00007fff6bdc0000 - 0x00007fff6bdd4000 	C:\WINDOWS\SYSTEM32\UMPDC.dll
0x00007fff6ac40000 - 0x00007fff6ac5b000 	C:\WINDOWS\SYSTEM32\kernel.appcore.dll
0x00007fff55e60000 - 0x00007fff55e6a000 	C:\Users\sarki\.antigravity-ide\extensions\redhat.java-1.55.0-win32-x64\jre\21.0.11-win32-x86_64\bin\jimage.dll
0x00007fff69730000 - 0x00007fff69972000 	C:\WINDOWS\SYSTEM32\DBGHELP.DLL
0x00007fff6cc80000 - 0x00007fff6d003000 	C:\WINDOWS\System32\combase.dll
0x00007fff6d500000 - 0x00007fff6d5d9000 	C:\WINDOWS\System32\OLEAUT32.dll
0x00007fff49f10000 - 0x00007fff49f4b000 	C:\WINDOWS\SYSTEM32\dbgcore.DLL
0x00007fff6c4e0000 - 0x00007fff6c58c000 	C:\WINDOWS\System32\bcryptPrimitives.dll
0x00007fff55360000 - 0x00007fff5536f000 	C:\Users\sarki\.antigravity-ide\extensions\redhat.java-1.55.0-win32-x64\jre\21.0.11-win32-x86_64\bin\instrument.dll
0x00007fff553c0000 - 0x00007fff553e0000 	C:\Users\sarki\.antigravity-ide\extensions\redhat.java-1.55.0-win32-x64\jre\21.0.11-win32-x86_64\bin\java.dll
0x00007fff6de90000 - 0x00007fff6e622000 	C:\WINDOWS\System32\SHELL32.dll
0x00007fff699e0000 - 0x00007fff6a272000 	C:\WINDOWS\SYSTEM32\windows.storage.dll
0x00007fff6ea30000 - 0x00007fff6eb27000 	C:\WINDOWS\System32\SHCORE.dll
0x00007fff6e9a0000 - 0x00007fff6ea07000 	C:\WINDOWS\System32\shlwapi.dll
0x00007fff6bea0000 - 0x00007fff6bec9000 	C:\WINDOWS\SYSTEM32\profapi.dll
0x00007fff4b190000 - 0x00007fff4b1a8000 	C:\Users\sarki\.antigravity-ide\extensions\redhat.java-1.55.0-win32-x64\jre\21.0.11-win32-x86_64\bin\zip.dll
0x00007fff553b0000 - 0x00007fff553c0000 	C:\Users\sarki\.antigravity-ide\extensions\redhat.java-1.55.0-win32-x64\jre\21.0.11-win32-x86_64\bin\net.dll
0x00007fff5b900000 - 0x00007fff5ba27000 	C:\WINDOWS\SYSTEM32\WINHTTP.dll
0x00007fff6b1f0000 - 0x00007fff6b25c000 	C:\WINDOWS\system32\mswsock.dll
0x00007fff55390000 - 0x00007fff553a6000 	C:\Users\sarki\.antigravity-ide\extensions\redhat.java-1.55.0-win32-x64\jre\21.0.11-win32-x86_64\bin\nio.dll
0x00007fff55240000 - 0x00007fff55250000 	C:\Users\sarki\.antigravity-ide\extensions\redhat.java-1.55.0-win32-x64\jre\21.0.11-win32-x86_64\bin\verify.dll
0x00007ffece4f0000 - 0x00007ffece517000 	C:\Users\sarki\.gradle\native\c067742578af261105cb4f569cf0c3c89f3d7b1fecec35dd04571415982c5e48\windows-amd64\native-platform.dll
0x00007ffefc970000 - 0x00007ffefcab4000 	C:\Users\sarki\.gradle\native\100fb08df4bc3b14c8652ba06237920a3bd2aa13389f12d3474272988ae205f9\windows-amd64\native-platform-file-events.dll
0x00007fff55230000 - 0x00007fff5523a000 	C:\Users\sarki\.antigravity-ide\extensions\redhat.java-1.55.0-win32-x64\jre\21.0.11-win32-x86_64\bin\management.dll
0x00007fff53960000 - 0x00007fff5396c000 	C:\Users\sarki\.antigravity-ide\extensions\redhat.java-1.55.0-win32-x64\jre\21.0.11-win32-x86_64\bin\management_ext.dll
0x00007fff6ea10000 - 0x00007fff6ea18000 	C:\WINDOWS\System32\PSAPI.DLL
0x00007fff6b510000 - 0x00007fff6b52b000 	C:\WINDOWS\SYSTEM32\CRYPTSP.dll
0x00007fff6ab90000 - 0x00007fff6abc9000 	C:\WINDOWS\system32\rsaenh.dll
0x00007fff6b2d0000 - 0x00007fff6b302000 	C:\WINDOWS\SYSTEM32\USERENV.dll
0x00007fff6be70000 - 0x00007fff6be9a000 	C:\WINDOWS\SYSTEM32\bcrypt.dll
0x00007fff6b530000 - 0x00007fff6b53c000 	C:\WINDOWS\SYSTEM32\CRYPTBASE.dll
0x00007fff6a5e0000 - 0x00007fff6a613000 	C:\WINDOWS\SYSTEM32\IPHLPAPI.DLL
0x00007fff6ea20000 - 0x00007fff6ea2a000 	C:\WINDOWS\System32\NSI.dll
0x00007fff538a0000 - 0x00007fff538a9000 	C:\Users\sarki\.antigravity-ide\extensions\redhat.java-1.55.0-win32-x64\jre\21.0.11-win32-x86_64\bin\extnet.dll
0x00007fff53860000 - 0x00007fff5386e000 	C:\Users\sarki\.antigravity-ide\extensions\redhat.java-1.55.0-win32-x64\jre\21.0.11-win32-x86_64\bin\sunmscapi.dll
0x00007fff6c170000 - 0x00007fff6c2e8000 	C:\WINDOWS\System32\CRYPT32.dll
0x00007fff6b750000 - 0x00007fff6b780000 	C:\WINDOWS\SYSTEM32\ncrypt.dll
0x00007fff6b700000 - 0x00007fff6b73f000 	C:\WINDOWS\SYSTEM32\NTASN1.dll
0x00007fff00130000 - 0x00007fff00138000 	C:\WINDOWS\system32\wshunix.dll

JVMTI agents:
C:\Users\sarki\.gradle\wrapper\dists\gradle-8.9-bin\90cnw93cvbtalezasaz0blq0a\gradle-8.9\lib\agents\gradle-instrumentation-agent-8.9.jar path:C:\Users\sarki\.antigravity-ide\extensions\redhat.java-1.55.0-win32-x64\jre\21.0.11-win32-x86_64\bin\instrument.dll, loaded, initialized, instrumentlib options:none

dbghelp: loaded successfully - version: 4.0.5 - missing functions: none
symbol engine: initialized successfully - sym options: 0x614 - pdb path: .;C:\Users\sarki\.antigravity-ide\extensions\redhat.java-1.55.0-win32-x64\jre\21.0.11-win32-x86_64\bin;C:\WINDOWS\SYSTEM32;C:\WINDOWS\WinSxS\amd64_microsoft.windows.common-controls_6595b64144ccf1df_6.0.26100.8875_none_3e0d5d42e32fe9dd;C:\Users\sarki\.antigravity-ide\extensions\redhat.java-1.55.0-win32-x64\jre\21.0.11-win32-x86_64\bin\server;C:\Users\sarki\.gradle\native\c067742578af261105cb4f569cf0c3c89f3d7b1fecec35dd04571415982c5e48\windows-amd64;C:\Users\sarki\.gradle\native\100fb08df4bc3b14c8652ba06237920a3bd2aa13389f12d3474272988ae205f9\windows-amd64

VM Arguments:
jvm_args: --add-opens=java.base/java.util=ALL-UNNAMED --add-opens=java.base/java.lang=ALL-UNNAMED --add-opens=java.base/java.lang.invoke=ALL-UNNAMED --add-opens=java.prefs/java.util.prefs=ALL-UNNAMED --add-exports=jdk.compiler/com.sun.tools.javac.api=ALL-UNNAMED --add-exports=jdk.compiler/com.sun.tools.javac.util=ALL-UNNAMED --add-opens=java.base/java.nio.charset=ALL-UNNAMED --add-opens=java.base/java.net=ALL-UNNAMED --add-opens=java.base/java.util.concurrent.atomic=ALL-UNNAMED -XX:MaxMetaspaceSize=384m -XX:+HeapDumpOnOutOfMemoryError -Xms256m -Xmx512m -Dfile.encoding=utf8 -Duser.country=IN -Duser.language=en -Duser.variant -javaagent:C:\Users\sarki\.gradle\wrapper\dists\gradle-8.9-bin\90cnw93cvbtalezasaz0blq0a\gradle-8.9\lib\agents\gradle-instrumentation-agent-8.9.jar 
java_command: org.gradle.launcher.daemon.bootstrap.GradleDaemon 8.9
java_class_path (initial): C:\Users\sarki\.gradle\wrapper\dists\gradle-8.9-bin\90cnw93cvbtalezasaz0blq0a\gradle-8.9\lib\gradle-daemon-main-8.9.jar
Launcher Type: SUN_STANDARD

[Global flags]
     intx CICompilerCount                          = 4                                         {product} {ergonomic}
   size_t CompressedClassSpaceSize                 = 335544320                                 {product} {ergonomic}
     uint ConcGCThreads                            = 2                                         {product} {ergonomic}
     uint G1ConcRefinementThreads                  = 8                                         {product} {ergonomic}
   size_t G1HeapRegionSize                         = 1048576                                   {product} {ergonomic}
    uintx GCDrainStackTargetSize                   = 64                                        {product} {ergonomic}
     bool HeapDumpOnOutOfMemoryError               = true                                   {manageable} {command line}
   size_t InitialHeapSize                          = 268435456                                 {product} {command line}
   size_t MarkStackSize                            = 4194304                                   {product} {ergonomic}
   size_t MaxHeapSize                              = 536870912                                 {product} {command line}
   size_t MaxMetaspaceSize                         = 402653184                                 {product} {command line}
   size_t MaxNewSize                               = 321912832                                 {product} {ergonomic}
   size_t MinHeapDeltaBytes                        = 1048576                                   {product} {ergonomic}
   size_t MinHeapSize                              = 268435456                                 {product} {command line}
    uintx NonNMethodCodeHeapSize                   = 5839372                                {pd product} {ergonomic}
    uintx NonProfiledCodeHeapSize                  = 122909434                              {pd product} {ergonomic}
    uintx ProfiledCodeHeapSize                     = 122909434                              {pd product} {ergonomic}
    uintx ReservedCodeCacheSize                    = 251658240                              {pd product} {ergonomic}
     bool SegmentedCodeCache                       = true                                      {product} {ergonomic}
   size_t SoftMaxHeapSize                          = 536870912                              {manageable} {ergonomic}
     bool UseCompressedOops                        = true                           {product lp64_product} {ergonomic}
     bool UseG1GC                                  = true                                      {product} {ergonomic}
     bool UseLargePagesIndividualAllocation        = false                                  {pd product} {ergonomic}

Logging:
Log output configuration:
 #0: stdout all=warning uptime,level,tags foldmultilines=false
 #1: stderr all=off uptime,level,tags foldmultilines=false

Release file:
JAVA_VERSION="21.0.11" 
MODULES="java.base java.compiler java.datatransfer java.xml java.prefs java.desktop java.instrument java.logging java.management java.security.sasl java.naming java.rmi java.management.rmi java.net.http java.scripting java.security.jgss java.transaction.xa java.sql java.sql.rowset java.xml.crypto java.se java.smartcardio jdk.accessibility jdk.internal.jvmstat jdk.attach jdk.charsets jdk.internal.opt jdk.zipfs jdk.compiler jdk.crypto.ec jdk.crypto.cryptoki jdk.crypto.mscapi jdk.dynalink jdk.internal.ed jdk.editpad jdk.hotspot.agent jdk.httpserver jdk.internal.le jdk.internal.vm.ci jdk.internal.vm.compiler jdk.internal.vm.compiler.management jdk.jartool jdk.javadoc jdk.jcmd jdk.management jdk.management.agent jdk.jconsole jdk.jdeps jdk.jdwp.agent jdk.jdi jdk.jfr jdk.jshell jdk.jsobject jdk.jstatd jdk.localedata jdk.management.jfr jdk.naming.dns jdk.naming.rmi jdk.net jdk.nio.mapmode jdk.random jdk.sctp jdk.security.auth jdk.security.jgss jdk.unsupported jdk.unsupported.desktop jdk.xml.dom" 

Environment Variables:
JAVA_HOME=C:\Program Files\Microsoft\jdk-17.0.15.6-hotspot\
PATH=C:\Program Files\Microsoft\jdk-17.0.15.6-hotspot\bin;C:\Program Files\Python311\Scripts\;C:\Program Files\Python311\;C:\WINDOWS\system32;C:\WINDOWS;C:\WINDOWS\System32\Wbem;C:\WINDOWS\System32\WindowsPowerShell\v1.0\;C:\WINDOWS\System32\OpenSSH\;C:\Program Files\Git\cmd;C:\Program Files\dotnet\;C:\Users\sarki\AppData\Roaming\nvm;C:\Program Files\nodejs;C:\ProgramData\chocolatey\bin;C:\Program Files\nodejs\;C:\Program Files\MySQL\MySQL Server 8.0\bin;C:\Program Files (x86)\PDFtk\bin\;C:\Program Files\PostgreSQL\16\bin;C:\Program Files\Amazon\AWSCLIV2\;C:\Program Files\Docker\Docker\resources\bin;C:\Users\sarki\scoop\shims;C:\Users\sarki\.amplify\bin;C:\Users\sarki\AppData\Local\Microsoft\WindowsApps;C:\Users\sarki\AppData\Local\Programs\Microsoft VS Code\bin;C:\Users\sarki\AppData\Local\Programs\Hyper\resources\bin;C:\Program Files (x86)\twilio-cli\bin;C:\Users\sarki\AppData\Roaming\nvm;C:\Program Files\nodejs;C:\Users\sarki\AppData\Roaming\npm;C:\Users\sarki\AppData\Local\Android\Sdk\platform-tools;C:\Users\sarki\AppData\Local\Programs\Antigravity IDE\bin
USERNAME=sarki
OS=Windows_NT
PROCESSOR_IDENTIFIER=Intel64 Family 6 Model 140 Stepping 1, GenuineIntel
TMP=C:\Users\sarki\AppData\Local\Temp
TEMP=C:\Users\sarki\AppData\Local\Temp




Periodic native trim disabled

---------------  S Y S T E M  ---------------

OS:
 Windows 11 , 64 bit Build 26100 (10.0.26100.8875)
OS uptime: 0 days 4:27 hours
Hyper-V role detected

CPU: total 8 (initial active 8) (4 cores per cpu, 2 threads per core) family 6 model 140 stepping 1 microcode 0x8a, cx8, cmov, fxsr, ht, mmx, 3dnowpref, sse, sse2, sse3, ssse3, sse4.1, sse4.2, popcnt, lzcnt, tsc, tscinvbit, avx, avx2, aes, erms, clmul, bmi1, bmi2, adx, avx512f, avx512dq, avx512cd, avx512bw, avx512vl, sha, fma, vzeroupper, avx512_vpopcntdq, avx512_vpclmulqdq, avx512_vaes, avx512_vnni, clflush, clflushopt, clwb, avx512_vbmi2, avx512_vbmi, hv, rdtscp, rdpid, fsrm, gfni, avx512_bitalg, f16c, cet_ibt, cet_ss, avx512_ifma
Processor Information for the first 8 processors :
  Max Mhz: 3110, Current Mhz: 3110, Mhz Limit: 3110

Memory: 4k page, system-wide physical 16167M (443M free)
TotalPageFile size 31210M (AvailPageFile size 2M)
current process WorkingSet (physical memory assigned to process): 533M, peak: 533M
current process commit charge ("private bytes"): 587M, peak: 589M

vm_info: OpenJDK 64-Bit Server VM (21.0.11+10-LTS) for windows-amd64 JRE (21.0.11+10-LTS), built on 2026-04-21T00:00:00Z by "admin" with MS VC++ 17.12 (VS2022)

END.
